###############################################################################
#
# IAR ELF Linker V8.20.1.14183/W32 for ARM                10/May/2019  16:39:14
# Copyright 2007-2017 IAR Systems AB.
#
#    Output file  =  
#        D:\work\cabinet_virtual_battery\code_gen\EWARM\Virtual_battery\Exe\Virtual_battery.out
#    Map file     =  
#        D:\work\cabinet_virtual_battery\code_gen\EWARM\Virtual_battery\List\Virtual_battery.map
#    Command line =  
#        -f C:\Users\asus\AppData\Local\Temp\EW69A2.tmp
#        (D:\work\cabinet_virtual_battery\code_gen\EWARM\Virtual_battery\Obj\base64.o
#        D:\work\cabinet_virtual_battery\code_gen\EWARM\Virtual_battery\Obj\cmsis_os.o
#        D:\work\cabinet_virtual_battery\code_gen\EWARM\Virtual_battery\Obj\croutine.o
#        D:\work\cabinet_virtual_battery\code_gen\EWARM\Virtual_battery\Obj\event_groups.o
#        D:\work\cabinet_virtual_battery\code_gen\EWARM\Virtual_battery\Obj\freertos.o
#        D:\work\cabinet_virtual_battery\code_gen\EWARM\Virtual_battery\Obj\heap_4.o
#        D:\work\cabinet_virtual_battery\code_gen\EWARM\Virtual_battery\Obj\jd_os_middleware.o
#        D:\work\cabinet_virtual_battery\code_gen\EWARM\Virtual_battery\Obj\list.o
#        D:\work\cabinet_virtual_battery\code_gen\EWARM\Virtual_battery\Obj\main.o
#        D:\work\cabinet_virtual_battery\code_gen\EWARM\Virtual_battery\Obj\port.o
#        D:\work\cabinet_virtual_battery\code_gen\EWARM\Virtual_battery\Obj\portasm.o
#        D:\work\cabinet_virtual_battery\code_gen\EWARM\Virtual_battery\Obj\protocal.o
#        D:\work\cabinet_virtual_battery\code_gen\EWARM\Virtual_battery\Obj\queue.o
#        D:\work\cabinet_virtual_battery\code_gen\EWARM\Virtual_battery\Obj\startup_stm32f030xc.o
#        D:\work\cabinet_virtual_battery\code_gen\EWARM\Virtual_battery\Obj\stm32f0xx_hal.o
#        D:\work\cabinet_virtual_battery\code_gen\EWARM\Virtual_battery\Obj\stm32f0xx_hal_cortex.o
#        D:\work\cabinet_virtual_battery\code_gen\EWARM\Virtual_battery\Obj\stm32f0xx_hal_dma.o
#        D:\work\cabinet_virtual_battery\code_gen\EWARM\Virtual_battery\Obj\stm32f0xx_hal_flash.o
#        D:\work\cabinet_virtual_battery\code_gen\EWARM\Virtual_battery\Obj\stm32f0xx_hal_flash_ex.o
#        D:\work\cabinet_virtual_battery\code_gen\EWARM\Virtual_battery\Obj\stm32f0xx_hal_gpio.o
#        D:\work\cabinet_virtual_battery\code_gen\EWARM\Virtual_battery\Obj\stm32f0xx_hal_i2c.o
#        D:\work\cabinet_virtual_battery\code_gen\EWARM\Virtual_battery\Obj\stm32f0xx_hal_i2c_ex.o
#        D:\work\cabinet_virtual_battery\code_gen\EWARM\Virtual_battery\Obj\stm32f0xx_hal_msp.o
#        D:\work\cabinet_virtual_battery\code_gen\EWARM\Virtual_battery\Obj\stm32f0xx_hal_pwr.o
#        D:\work\cabinet_virtual_battery\code_gen\EWARM\Virtual_battery\Obj\stm32f0xx_hal_pwr_ex.o
#        D:\work\cabinet_virtual_battery\code_gen\EWARM\Virtual_battery\Obj\stm32f0xx_hal_rcc.o
#        D:\work\cabinet_virtual_battery\code_gen\EWARM\Virtual_battery\Obj\stm32f0xx_hal_rcc_ex.o
#        D:\work\cabinet_virtual_battery\code_gen\EWARM\Virtual_battery\Obj\stm32f0xx_hal_tim.o
#        D:\work\cabinet_virtual_battery\code_gen\EWARM\Virtual_battery\Obj\stm32f0xx_hal_tim_ex.o
#        D:\work\cabinet_virtual_battery\code_gen\EWARM\Virtual_battery\Obj\stm32f0xx_hal_uart.o
#        D:\work\cabinet_virtual_battery\code_gen\EWARM\Virtual_battery\Obj\stm32f0xx_hal_uart_ex.o
#        D:\work\cabinet_virtual_battery\code_gen\EWARM\Virtual_battery\Obj\stm32f0xx_it.o
#        D:\work\cabinet_virtual_battery\code_gen\EWARM\Virtual_battery\Obj\stpllc_uart.o
#        D:\work\cabinet_virtual_battery\code_gen\EWARM\Virtual_battery\Obj\stptlc.o
#        D:\work\cabinet_virtual_battery\code_gen\EWARM\Virtual_battery\Obj\system_stm32f0xx.o
#        D:\work\cabinet_virtual_battery\code_gen\EWARM\Virtual_battery\Obj\tasks.o
#        D:\work\cabinet_virtual_battery\code_gen\EWARM\Virtual_battery\Obj\timers.o
#        D:\work\cabinet_virtual_battery\code_gen\EWARM\Virtual_battery\Obj\uart.o
#        D:\work\cabinet_virtual_battery\code_gen\EWARM\Virtual_battery\Obj\uart_comm.o
#        D:\work\cabinet_virtual_battery\code_gen\EWARM\Virtual_battery\Obj\utils.o
#        --redirect _Printf=_PrintfFull --redirect _Scanf=_ScanfFull -o
#        D:\work\cabinet_virtual_battery\code_gen\EWARM\Virtual_battery\Exe\Virtual_battery.out
#        --map
#        D:\work\cabinet_virtual_battery\code_gen\EWARM\Virtual_battery\List\Virtual_battery.map
#        --config
#        D:\work\cabinet_virtual_battery\code_gen\EWARM/stm32f030xc_flash.icf
#        --semihosting --entry __iar_program_start --vfe --text_out locale)
#
###############################################################################

*******************************************************************************
*** RUNTIME MODEL ATTRIBUTES
***

CppFlavor       = *
__SystemLibrary = DLib
__dlib_version  = 6


*******************************************************************************
*** HEAP SELECTION
***

The basic heap was selected because no calls to memory allocation
functions were found in the application outside of system library
functions, and there are calls to deallocation functions in the
application.


*******************************************************************************
*** PLACEMENT SUMMARY
***

"A0":  place at 0x08000000 { ro section .intvec };
"P1":  place in [from 0x08000000 to 0x0803ffff] { ro };
define block CSTACK with size = 1K, alignment = 8 { };
define block HEAP with size = 512, alignment = 8 { };
"P2":  place in [from 0x20000000 to 0x20007fff] {
          rw, block CSTACK, block HEAP };
initialize by copy { rw };

  Section            Kind        Address    Size  Object
  -------            ----        -------    ----  ------
"A0":                                       0xc0
  .intvec            ro code  0x08000000    0xc0  startup_stm32f030xc.o [1]
                            - 0x080000c0    0xc0

"P1":                                     0x6828
  .text              ro code  0x080000c0   0xff2  xprintffull.o [3]
  .text              ro code  0x080010b2     0xa  xsprout.o [3]
  .text              ro code  0x080010bc    0x88  xlocale_c.o [3]
  .text              ro code  0x08001144    0x16  strchr.o [5]
  .text              ro code  0x0800115a     0x2  startup_stm32f030xc.o [1]
  .text              ro code  0x0800115c    0x48  xfail_s.o [3]
  .text              ro code  0x080011a4    0x10  strlen.o [5]
  .text              ro code  0x080011b4    0x18  memchr.o [5]
  .text              ro code  0x080011cc     0xa  xmbcurmax.o [3]
  .text              ro code  0x080011d6     0x2  startup_stm32f030xc.o [1]
  .text              ro code  0x080011d8    0x5c  ABImemcpy.o [5]
  .text              ro code  0x08001234    0x6a  I64DivMod.o [5]
  .text              ro code  0x0800129e   0x184  DblMul.o [4]
  .text              ro code  0x08001422    0x32  DblCmpLe.o [4]
  .text              ro code  0x08001454    0x32  DblCmpGe.o [4]
  .text              ro code  0x08001486     0x2  startup_stm32f030xc.o [1]
  .text              ro code  0x08001488    0x52  DblToI32.o [4]
  .text              ro code  0x080014da     0x2  startup_stm32f030xc.o [1]
  .text              ro code  0x080014dc    0x34  IxxToDbl.o [4]
  .text              ro code  0x08001510   0x1a8  DblAddSub.o [4]
  .text              ro code  0x080016b8    0xe0  I32DivModFast.o [5]
  .text              ro code  0x08001798    0xc2  DblDiv.o [4]
  .text              ro code  0x0800185a     0x2  startup_stm32f030xc.o [1]
  .text              ro code  0x0800185c    0x5e  I32DivMod.o [5]
  .text              ro code  0x080018ba     0xa  abort.o [3]
  .text              ro code  0x080018c4     0x2  I64DivZer.o [5]
  .text              ro code  0x080018c6     0x2  startup_stm32f030xc.o [1]
  .text              ro code  0x080018c8     0x2  IntDivZer.o [5]
  .text              ro code  0x080018ca     0x2  startup_stm32f030xc.o [1]
  .text              ro code  0x080018cc    0x14  exit.o [6]
  .text              ro code  0x080018e0   0xa2c  stm32f0xx_hal_uart.o [1]
  .text              ro code  0x0800230c   0x2a0  stm32f0xx_hal_msp.o [1]
  .text              ro code  0x080025ac     0xc  stm32f0xx_hal.o [1]
  .text              ro code  0x080025b8   0x288  stm32f0xx_hal_dma.o [1]
  .text              ro code  0x08002840     0x2  stm32f0xx_hal_uart.o [1]
  .text              ro code  0x08002842     0x2  startup_stm32f030xc.o [1]
  .text              ro code  0x08002844   0x5b4  stm32f0xx_hal_rcc.o [1]
  .text              ro code  0x08002df8   0x7f4  uart.o [1]
  .text              ro code  0x080035ec     0x2  stm32f0xx_hal_uart.o [1]
  .text              ro code  0x080035ee     0x2  stm32f0xx_hal_uart.o [1]
  .text              ro code  0x080035f0    0x84  stm32f0xx_hal_cortex.o [1]
  .text              ro code  0x08003674    0x4c  ABImemset.o [5]
  .text              ro code  0x080036c0   0x2d0  stm32f0xx_hal_gpio.o [1]
  .text              ro code  0x08003990   0x3d4  main.o [1]
  .text              ro code  0x08003d64    0x24  stm32f0xx_hal.o [1]
  .text              ro code  0x08003d88    0xc4  cmsis_os.o [1]
  .text              ro code  0x08003e4c   0x200  jd_os_middleware.o [1]
  .text              ro code  0x0800404c    0x34  vsprintf.o [3]
  .text              ro code  0x08004080    0x3c  stm32f0xx_hal.o [1]
  .text              ro code  0x080040bc   0x22c  stm32f0xx_hal_tim.o [1]
  .text              ro code  0x080042e8   0x8b8  uart_comm.o [1]
  .text              ro code  0x08004ba0    0xe8  port.o [1]
  .text              ro code  0x08004c88   0x528  queue.o [1]
  .text              ro code  0x080051b0   0x76c  tasks.o [1]
  .text              ro code  0x0800591c   0x3c8  stptlc.o [1]
  .text              ro code  0x08005ce4   0x184  heap_4.o [1]
  .text              ro code  0x08005e68     0x2  stm32f0xx_hal_tim.o [1]
  .text              ro code  0x08005e6a     0x2  stm32f0xx_hal_tim.o [1]
  .text              ro code  0x08005e6c     0x2  stm32f0xx_hal_tim.o [1]
  .text              ro code  0x08005e6e     0x2  stm32f0xx_hal_tim_ex.o [1]
  .text              ro code  0x08005e70     0x2  stm32f0xx_hal_tim.o [1]
  .text              ro code  0x08005e72     0x2  stm32f0xx_hal_tim_ex.o [1]
  .text              ro code  0x08005e74    0x40  sprintf.o [3]
  .text              ro code  0x08005eb4    0x14  uwrite4.o [5]
  .text              ro code  0x08005ec8    0x34  protocal.o [1]
  .text              ro code  0x08005efc    0x16  uread4.o [5]
  .text              ro code  0x08005f12     0x2  startup_stm32f030xc.o [1]
  .text              ro code  0x08005f14    0x10  strcpy.o [5]
  .text              ro code  0x08005f24    0x2c  strncmp.o [3]
  CODE               ro code  0x08005f50    0x7c  portasm.o [1]
  .text              ro code  0x08005fcc    0x94  list.o [1]
  .text              ro code  0x08006060   0x328  stpllc_uart.o [1]
  .text              ro code  0x08006388   0x224  base64.o [1]
  .text              ro code  0x080065ac    0x26  ABImemmove.o [5]
  .text              ro code  0x080065d2     0x2  startup_stm32f030xc.o [1]
  .text              ro code  0x080065d4    0x8c  stm32f0xx_it.o [1]
  .text              ro code  0x08006660    0x10  stm32f0xx_hal.o [1]
  Initializer bytes  const    0x08006670    0x88  <for P2-1>
  .text              ro code  0x080066f8    0x70  system_stm32f0xx.o [1]
  .text              ro code  0x08006768    0x3c  zero_init3.o [5]
  .text              ro code  0x080067a4    0x30  copy_init3.o [5]
  .rodata            const    0x080067d4    0x28  uart_comm.o [1]
  .text              ro code  0x080067fc    0x28  data_init.o [5]
  .iar.init_table    const    0x08006824    0x24  - Linker created -
  .text              ro code  0x08006848    0x1e  cmain.o [5]
  .text              ro code  0x08006866     0x4  low_level_init.o [3]
  .text              ro code  0x0800686a     0x8  exit.o [3]
  .text              ro code  0x08006872     0x2  startup_stm32f030xc.o [1]
  .text              ro code  0x08006874     0xa  cexit.o [5]
  .text              ro code  0x0800687e    0x1c  xencoding_8859_1.o [3]
  .text              ro code  0x0800689a     0x2  startup_stm32f030xc.o [1]
  .rodata            const    0x0800689c    0x10  xprintffull.o [3]
  .text              ro code  0x080068ac    0x10  startup_stm32f030xc.o [1]
  .text              ro code  0x080068bc     0xc  cstartup_M.o [5]
  .rodata            const    0x080068c8     0x8  system_stm32f0xx.o [1]
  .rodata            const    0x080068d0     0x6  xlocale_c.o [3]
  .text              ro code  0x080068d6     0x2  startup_stm32f030xc.o [1]
  .text              ro code  0x080068d8     0x2  startup_stm32f030xc.o [1]
  .text              ro code  0x080068da     0x2  startup_stm32f030xc.o [1]
  .text              ro code  0x080068dc     0x2  startup_stm32f030xc.o [1]
  .text              ro code  0x080068de     0x2  startup_stm32f030xc.o [1]
  .text              ro code  0x080068e0     0x2  startup_stm32f030xc.o [1]
  .text              ro code  0x080068e2     0x2  startup_stm32f030xc.o [1]
  .text              ro code  0x080068e4     0x2  startup_stm32f030xc.o [1]
  .text              ro code  0x080068e6     0x2  startup_stm32f030xc.o [1]
  .rodata            const    0x080068e8     0x0  zero_init3.o [5]
  .rodata            const    0x080068e8     0x0  copy_init3.o [5]
                            - 0x080068e8  0x6828

"P2", part 1 of 3:                          0x88
  P2-1                        0x20000000    0x88  <Init block>
    .data            inited   0x20000000     0x4  port.o [1]
    .data            inited   0x20000004     0x4  system_stm32f0xx.o [1]
    .data            inited   0x20000008    0x38  xlocale_c.o [3]
    .data            inited   0x20000040    0x48  xlocale_c.o [3]
                            - 0x20000088    0x88

"P2", part 2 of 3:                        0x69b0
  .bss               zero     0x20000088  0x6018  heap_4.o [1]
  .bss               zero     0x200060a0   0x41c  uart.o [1]
  .bss               zero     0x200064bc   0x200  uart.o [1]
  .bss               zero     0x200066bc   0x124  main.o [1]
  .bss               zero     0x200067e0    0xac  tasks.o [1]
  .bss               zero     0x2000688c    0x70  main.o [1]
  .bss               zero     0x200068fc    0x58  tasks.o [1]
  .bss               zero     0x20006954    0x44  main.o [1]
  .bss               zero     0x20006998    0x44  main.o [1]
  .bss               zero     0x200069dc    0x44  main.o [1]
  .bss               zero     0x20006a20     0x8  stpllc_uart.o [1]
  .bss               zero     0x20006a28     0x4  stm32f0xx_hal.o [1]
  .bss               zero     0x20006a2c     0x4  stptlc.o [1]
  .bss               zero     0x20006a30     0x4  uart_comm.o [1]
  .bss               zero     0x20006a34     0x4  xfail_s.o [3]
                            - 0x20006a38  0x69b0

"P2", part 3 of 3:                         0x400
  CSTACK                      0x20006a38   0x400  <Block>
    CSTACK           uninit   0x20006a38   0x400  <Block tail>
                            - 0x20006e38   0x400


*******************************************************************************
*** INIT TABLE
***

          Address     Size
          -------     ----
Zero (__iar_zero_init3)
    1 destination range, total size 0x69b0:
          0x20000088  0x69b0

Copy (__iar_copy_init3)
    1 source range, total size 0x88:
          0x08006670    0x88
    1 destination range, total size 0x88:
          0x20000000    0x88



*******************************************************************************
*** MODULE SUMMARY
***

    Module                  ro code  ro data  rw data
    ------                  -------  -------  -------
D:\work\cabinet_virtual_battery\code_gen\EWARM\Virtual_battery\Obj: [1]
    base64.o                    548
    cmsis_os.o                  196
    heap_4.o                    388            24 600
    jd_os_middleware.o          512
    list.o                      148
    main.o                      980               608
    port.o                      232        4        4
    portasm.o                   124
    protocal.o                   52
    queue.o                   1 320
    startup_stm32f030xc.o       250
    stm32f0xx_hal.o             124                 4
    stm32f0xx_hal_cortex.o      132
    stm32f0xx_hal_dma.o         648
    stm32f0xx_hal_gpio.o        720
    stm32f0xx_hal_msp.o         672
    stm32f0xx_hal_rcc.o       1 460
    stm32f0xx_hal_tim.o         564
    stm32f0xx_hal_tim_ex.o        4
    stm32f0xx_hal_uart.o      2 610
    stm32f0xx_it.o              140
    stpllc_uart.o               808                 8
    stptlc.o                    968                 4
    system_stm32f0xx.o          112       12        4
    tasks.o                   1 900               260
    uart.o                    2 036             1 564
    uart_comm.o               2 232       40        4
    -------------------------------------------------
    Total:                   19 880       56   27 060

command line: [2]
    -------------------------------------------------
    Total:

dl6M_tlf.a: [3]
    abort.o                      10
    exit.o                        8
    low_level_init.o              4
    sprintf.o                    64
    strncmp.o                    44
    vsprintf.o                   52
    xencoding_8859_1.o           28
    xfail_s.o                    72                 4
    xlocale_c.o                 136      134      128
    xmbcurmax.o                  10
    xprintffull.o             4 082       16
    xsprout.o                    10
    -------------------------------------------------
    Total:                    4 520      150      132

m6M_tl.a: [4]
    DblAddSub.o                 424
    DblCmpGe.o                   50
    DblCmpLe.o                   50
    DblDiv.o                    194
    DblMul.o                    388
    DblToI32.o                   82
    IxxToDbl.o                   52
    -------------------------------------------------
    Total:                    1 240

rt6M_tl.a: [5]
    ABImemcpy.o                  92
    ABImemmove.o                 38
    ABImemset.o                  76
    I32DivMod.o                  94
    I32DivModFast.o             224
    I64DivMod.o                 106
    I64DivZer.o                   2
    IntDivZer.o                   2
    cexit.o                      10
    cmain.o                      30
    copy_init3.o                 48
    cstartup_M.o                 12
    data_init.o                  40
    memchr.o                     24
    strchr.o                     22
    strcpy.o                     16
    strlen.o                     16
    uread4.o                     22
    uwrite4.o                    20
    zero_init3.o                 60
    -------------------------------------------------
    Total:                      954

shb_l.a: [6]
    exit.o                       20
    -------------------------------------------------
    Total:                       20

    Linker created                        36    1 024
-----------------------------------------------------
    Grand Total:             26 614      242   28 216


*******************************************************************************
*** ENTRY LIST
***

Entry                      Address    Size  Type      Object
-----                      -------    ----  ----      ------
.iar.init_table$$Base   0x08006824           --   Gb  - Linker created -
.iar.init_table$$Limit  0x08006848           --   Gb  - Linker created -
?main                   0x08006849          Code  Gb  cmain.o [5]
AHBPrescTable           0x08006758    0x10  Data  Gb  system_stm32f0xx.o [1]
APBPrescTable           0x080068c8     0x8  Data  Gb  system_stm32f0xx.o [1]
CSTACK$$Base            0x20006a38           --   Gb  - Linker created -
CSTACK$$Limit           0x20006e38           --   Gb  - Linker created -
CacheMore               0x080010c1    0x28  Code  Lc  xlocale_c.o [3]
DMA1_Channel1_IRQHandler
                        0x080065f9     0xa  Code  Gb  stm32f0xx_it.o [1]
DMA1_Channel2_3_IRQHandler
                        0x08006603    0x10  Code  Gb  stm32f0xx_it.o [1]
DMA_CalcBaseAndBitshift
                        0x0800281b    0x1a  Code  Lc  stm32f0xx_hal_dma.o [1]
DMA_SetConfig           0x080027f9    0x22  Code  Lc  stm32f0xx_hal_dma.o [1]
EXTI2_3_IRQHandler      0x080065e5     0xa  Code  Gb  stm32f0xx_it.o [1]
EXTI4_15_IRQHandler     0x080065ef     0xa  Code  Gb  stm32f0xx_it.o [1]
Error_Handler           0x08003c91     0x2  Code  Gb  main.o [1]
HAL_DMA_Abort           0x080026c5    0x2c  Code  Gb  stm32f0xx_hal_dma.o [1]
HAL_DMA_Abort_IT        0x080026f1    0x48  Code  Gb  stm32f0xx_hal_dma.o [1]
HAL_DMA_DeInit          0x08002611    0x44  Code  Gb  stm32f0xx_hal_dma.o [1]
HAL_DMA_IRQHandler      0x08002739    0xc0  Code  Gb  stm32f0xx_hal_dma.o [1]
HAL_DMA_Init            0x080025b9    0x54  Code  Gb  stm32f0xx_hal_dma.o [1]
HAL_DMA_Start_IT        0x08002655    0x70  Code  Gb  stm32f0xx_hal_dma.o [1]
HAL_GPIO_DeInit         0x08003847   0x100  Code  Gb  stm32f0xx_hal_gpio.o [1]
HAL_GPIO_EXTI_Callback  0x08003991    0x1c  Code  Gb  main.o [1]
HAL_GPIO_EXTI_Callback::__func__
                        0x08003c94    0x18  Data  Lc  main.o [1]
HAL_GPIO_EXTI_IRQHandler
                        0x0800395f    0x14  Code  Gb  stm32f0xx_hal_gpio.o [1]
HAL_GPIO_Init           0x080036c1   0x186  Code  Gb  stm32f0xx_hal_gpio.o [1]
HAL_GPIO_TogglePin      0x08003957     0x8  Code  Gb  stm32f0xx_hal_gpio.o [1]
HAL_GPIO_WritePin       0x08003947    0x10  Code  Gb  stm32f0xx_hal_gpio.o [1]
HAL_GetTick             0x080025ad     0xc  Code  Wk  stm32f0xx_hal.o [1]
HAL_GetUIDw0            0x0800409b     0x6  Code  Gb  stm32f0xx_hal.o [1]
HAL_GetUIDw1            0x080040a1     0x6  Code  Gb  stm32f0xx_hal.o [1]
HAL_GetUIDw2            0x080040a7     0x6  Code  Gb  stm32f0xx_hal.o [1]
HAL_HalfDuplex_EnableReceiver
                        0x08001df9    0x2a  Code  Gb  stm32f0xx_hal_uart.o [1]
HAL_HalfDuplex_EnableTransmitter
                        0x08001dcd    0x2c  Code  Gb  stm32f0xx_hal_uart.o [1]
HAL_HalfDuplex_Init     0x08001937    0x54  Code  Gb  stm32f0xx_hal_uart.o [1]
HAL_IncTick             0x08006661    0x10  Code  Wk  stm32f0xx_hal.o [1]
HAL_Init                0x08004081    0x1a  Code  Gb  stm32f0xx_hal.o [1]
HAL_InitTick            0x08003d65    0x24  Code  Wk  stm32f0xx_hal.o [1]
HAL_MspInit             0x0800230d    0x34  Code  Gb  stm32f0xx_hal_msp.o [1]
HAL_NVIC_EnableIRQ      0x0800362d     0xe  Code  Gb  stm32f0xx_hal_cortex.o [1]
HAL_NVIC_SetPriority    0x08003625     0x8  Code  Gb  stm32f0xx_hal_cortex.o [1]
HAL_RCC_ClockConfig     0x08002c0d   0x130  Code  Gb  stm32f0xx_hal_rcc.o [1]
HAL_RCC_GetHCLKFreq     0x08002d89     0x6  Code  Gb  stm32f0xx_hal_rcc.o [1]
HAL_RCC_GetPCLK1Freq    0x08002d95    0x14  Code  Gb  stm32f0xx_hal_rcc.o [1]
HAL_RCC_GetSysClockFreq
                        0x08002d41    0x48  Code  Gb  stm32f0xx_hal_rcc.o [1]
HAL_RCC_GetSysClockFreq::aPLLMULFactorTable
                        0x08002dd8    0x10  Data  Lc  stm32f0xx_hal_rcc.o [1]
HAL_RCC_GetSysClockFreq::aPredivFactorTable
                        0x08002de8    0x10  Data  Lc  stm32f0xx_hal_rcc.o [1]
HAL_RCC_OscConfig       0x08002845   0x3c2  Code  Gb  stm32f0xx_hal_rcc.o [1]
HAL_SYSTICK_Config      0x0800363b    0x28  Code  Gb  stm32f0xx_hal_cortex.o [1]
HAL_TIMEx_BreakCallback
                        0x08005e6f     0x2  Code  Wk  stm32f0xx_hal_tim_ex.o [1]
HAL_TIMEx_CommutationCallback
                        0x08005e73     0x2  Code  Wk  stm32f0xx_hal_tim_ex.o [1]
HAL_TIM_Base_Init       0x080040bd    0x1e  Code  Gb  stm32f0xx_hal_tim.o [1]
HAL_TIM_Base_MspInit    0x08002341    0x30  Code  Gb  stm32f0xx_hal_msp.o [1]
HAL_TIM_Base_Start_IT   0x080040db    0x14  Code  Gb  stm32f0xx_hal_tim.o [1]
HAL_TIM_IRQHandler      0x08004107   0x152  Code  Gb  stm32f0xx_hal_tim.o [1]
HAL_TIM_PeriodElapsedCallback
                        0x08002ec1   0x10a  Code  Gb  uart.o [1]
HAL_TIM_PeriodElapsedCallback::__func__
                        0x08003010    0x20  Data  Lc  uart.o [1]
HAL_TIM_PeriodElapsedCallback::led_on
                        0x200060a4     0x1  Data  Lc  uart.o [1]
HAL_TIM_PeriodElapsedCallback::loopcnt3
                        0x200060a1     0x1  Data  Lc  uart.o [1]
HAL_TIM_PeriodElapsedCallback::loopcnt4
                        0x200060a2     0x1  Data  Lc  uart.o [1]
HAL_TIM_PeriodElapsedCallback::loopcntrx4
                        0x200060a3     0x1  Data  Lc  uart.o [1]
HAL_TIM_PeriodElapsedCallback::time_cnt
                        0x200060a5     0x1  Data  Lc  uart.o [1]
HAL_UART_DMAStop        0x08001c45    0x62  Code  Gb  stm32f0xx_hal_uart.o [1]
HAL_UART_DeInit         0x0800199d    0x3a  Code  Gb  stm32f0xx_hal_uart.o [1]
HAL_UART_GetState       0x08001e31     0xc  Code  Gb  stm32f0xx_hal_uart.o [1]
HAL_UART_IDLE_IRQHandler
                        0x08002305     0x8  Code  Gb  stm32f0xx_hal_uart.o [1]
HAL_UART_IRQHandler     0x08001cbd   0x10e  Code  Gb  stm32f0xx_hal_uart.o [1]
HAL_UART_Init           0x080018e1    0x56  Code  Gb  stm32f0xx_hal_uart.o [1]
HAL_UART_MspDeInit      0x0800250d    0x5e  Code  Gb  stm32f0xx_hal_msp.o [1]
HAL_UART_MspInit        0x08002371   0x19c  Code  Gb  stm32f0xx_hal_msp.o [1]
HAL_UART_Receive_DMA    0x08001bb1    0x8e  Code  Gb  stm32f0xx_hal_uart.o [1]
HAL_UART_Receive_IT     0x08001a99    0x94  Code  Gb  stm32f0xx_hal_uart.o [1]
HAL_UART_RxCpltCallback
                        0x08003071    0xd8  Code  Gb  uart.o [1]
HAL_UART_RxCpltCallback::__func__
                        0x08003168    0x18  Data  Lc  uart.o [1]
HAL_UART_RxIdleCpltCallback
                        0x08003219    0x8e  Code  Gb  uart.o [1]
HAL_UART_RxIdleCpltCallback::__func__
                        0x080034ac    0x1c  Data  Lc  uart.o [1]
HAL_UART_Transmit       0x080019d7    0xbc  Code  Gb  stm32f0xx_hal_uart.o [1]
HAL_UART_Transmit_DMA   0x08001b2d    0x84  Code  Gb  stm32f0xx_hal_uart.o [1]
HAL_UART_TxCpltCallback
                        0x08003059    0x10  Code  Gb  uart.o [1]
HardFault_Handler       0x080065d7     0x2  Code  Gb  stm32f0xx_it.o [1]
LoadInt                 0x080002ad    0x74  Code  Lc  xprintffull.o [3]
MX_GPIO_Init            0x08003b31   0x12e  Code  Lc  main.o [1]
NMI_Handler             0x080065d5     0x2  Code  Gb  stm32f0xx_it.o [1]
NVIC_SetPriority        0x080035f1    0x34  Code  Lc  stm32f0xx_hal_cortex.o [1]
PendSV_Handler          0x08005f57          Code  Gb  portasm.o [1]
Region$$Table$$Base     0x08006824           --   Gb  - Linker created -
Region$$Table$$Limit    0x08006848           --   Gb  - Linker created -
Rx4Started              0x200060ac     0x4  Data  Lc  uart.o [1]
SVC_Handler             0x08005f95          Code  Gb  portasm.o [1]
SysTick_Handler         0x080065d9     0xc  Code  Gb  stm32f0xx_it.o [1]
SystemClock_Config      0x08003aed    0x44  Code  Gb  main.o [1]
SystemCoreClock         0x20000004     0x4  Data  Gb  system_stm32f0xx.o [1]
SystemInit              0x080066f9    0x48  Code  Gb  system_stm32f0xx.o [1]
TIM6_IRQHandler         0x08006613     0xa  Code  Gb  stm32f0xx_it.o [1]
TIM_Base_SetConfig      0x08004259    0x70  Code  Gb  stm32f0xx_hal_tim.o [1]
Tx3Started              0x200060b4     0x4  Data  Lc  uart.o [1]
Tx4Started              0x200060b8     0x4  Data  Lc  uart.o [1]
UART_AdvFeatureConfig   0x08001f6d    0xc8  Code  Gb  stm32f0xx_hal_uart.o [1]
UART_CheckIdleState     0x08002035    0x12  Code  Gb  stm32f0xx_hal_uart.o [1]
UART_DMAAbortOnError    0x080021eb    0x14  Code  Lc  stm32f0xx_hal_uart.o [1]
UART_DMAError           0x0800219f    0x4c  Code  Lc  stm32f0xx_hal_uart.o [1]
UART_DMAReceiveCplt     0x0800211b    0x3e  Code  Lc  stm32f0xx_hal_uart.o [1]
UART_DMARxHalfCplt      0x08002195     0xa  Code  Lc  stm32f0xx_hal_uart.o [1]
UART_DMATransmitCplt    0x080020e1    0x30  Code  Lc  stm32f0xx_hal_uart.o [1]
UART_DMATxHalfCplt      0x08002111     0xa  Code  Lc  stm32f0xx_hal_uart.o [1]
UART_EndRxTransfer      0x080020b1    0x1c  Code  Lc  stm32f0xx_hal_uart.o [1]
UART_EndTransmit_IT     0x08002267    0x1a  Code  Gb  stm32f0xx_hal_uart.o [1]
UART_Receive_IT         0x08002281    0x72  Code  Gb  stm32f0xx_hal_uart.o [1]
UART_SetConfig          0x08001e3d   0x12a  Code  Gb  stm32f0xx_hal_uart.o [1]
UART_Transmit_IT        0x080021ff    0x68  Code  Gb  stm32f0xx_hal_uart.o [1]
UART_WaitOnFlagUntilTimeout
                        0x08002047    0x64  Code  Gb  stm32f0xx_hal_uart.o [1]
USART3_6_IRQHandler     0x0800661d    0x26  Code  Gb  stm32f0xx_it.o [1]
UartRxSem4              0x200060b0     0x4  Data  Gb  uart.o [1]
_Encoding_8859_1_Mbrlen
                        0x0800688f     0x2  Code  Gb  xencoding_8859_1.o [3]
_Encoding_8859_1_Wctomb
                        0x0800687f    0x10  Code  Gb  xencoding_8859_1.o [3]
_GenldFull              0x08000e09   0x276  Code  Lc  xprintffull.o [3]
_LdtobFull              0x08000991   0x462  Code  Lc  xprintffull.o [3]
_LitobFull              0x08000821   0x11a  Code  Lc  xprintffull.o [3]
_Locale_lconv           0x20000008    0x38  Data  Lc  xlocale_c.o [3]
_PrintfFull             0x080000c1   0x1d6  Code  Gb  xprintffull.o [3]
_PutcharsFull           0x0800107f    0x32  Code  Lc  xprintffull.o [3]
_PutfldFull             0x08000321   0x2cc  Code  Lc  xprintffull.o [3]
_PutstrFull             0x08000759    0xbe  Code  Lc  xprintffull.o [3]
_PuttxtFull             0x08000655   0x102  Code  Lc  xprintffull.o [3]
_SProut                 0x080010b3     0xa  Code  Gb  xsprout.o [3]
__ICFEDIT_region_RAM_end__ {Abs}
                        0x20007fff          Data  Gb  command line/config [2]
__ICFEDIT_region_RAM_start__ {Abs}
                        0x20000000          Data  Gb  command line/config [2]
__aeabi_cdcmple         0x08001423          Code  Gb  DblCmpLe.o [4]
__aeabi_cdrcmple        0x08001455          Code  Gb  DblCmpGe.o [4]
__aeabi_d2iz            0x08001489          Code  Gb  DblToI32.o [4]
__aeabi_d2uiz           0x080014ad          Code  Gb  DblToI32.o [4]
__aeabi_ddiv            0x08001799          Code  Gb  DblDiv.o [4]
__aeabi_dmul            0x0800129f          Code  Gb  DblMul.o [4]
__aeabi_dsub            0x080015cb          Code  Gb  DblAddSub.o [4]
__aeabi_i2d             0x080014fd          Code  Gb  IxxToDbl.o [4]
__aeabi_idiv            0x080016e5          Code  Gb  I32DivModFast.o [5]
__aeabi_idiv0           0x080018c9          Code  Gb  IntDivZer.o [5]
__aeabi_idivmod         0x080016e5          Code  Gb  I32DivModFast.o [5]
__aeabi_ldiv0           0x080018c5          Code  Gb  I64DivZer.o [5]
__aeabi_memclr          0x080036b9          Code  Gb  ABImemset.o [5]
__aeabi_memclr4         0x080036bd          Code  Gb  ABImemset.o [5]
__aeabi_memclr8         0x080036bd          Code  Gb  ABImemset.o [5]
__aeabi_memcpy          0x080011d9          Code  Gb  ABImemcpy.o [5]
__aeabi_memcpy4         0x08001201          Code  Wk  ABImemcpy.o [5]
__aeabi_memmove         0x080065ad          Code  Gb  ABImemmove.o [5]
__aeabi_memmove4        0x080065ad          Code  Gb  ABImemmove.o [5]
__aeabi_memmove8        0x080065ad          Code  Gb  ABImemmove.o [5]
__aeabi_ui2d            0x080014dd          Code  Gb  IxxToDbl.o [4]
__aeabi_uidiv           0x080016eb          Code  Gb  I32DivModFast.o [5]
__aeabi_uidivmod        0x080016eb          Code  Gb  I32DivModFast.o [5]
__aeabi_uldivmod        0x08001235          Code  Gb  I64DivMod.o [5]
__aeabi_uread4          0x08005efd          Code  Gb  uread4.o [5]
__aeabi_uwrite4         0x08005eb5          Code  Gb  uwrite4.o [5]
__cmain                 0x08006849          Code  Gb  cmain.o [5]
__exit                  0x080018cd    0x14  Code  Gb  exit.o [6]
__iar_Fail_s            0x0800115d    0x22  Code  Gb  xfail_s.o [3]
__iar_Mbcurmax          0x080011cd     0xa  Code  Gb  xmbcurmax.o [3]
__iar_Memset4_word      0x08003689          Code  Gb  ABImemset.o [5]
__iar_Memset_word       0x08003675          Code  Gb  ABImemset.o [5]
__iar_copy_init3        0x080067a5    0x30  Code  Gb  copy_init3.o [5]
__iar_d2uiz             0x080014b1          Code  Gb  DblToI32.o [4]
__iar_data_init3        0x080067fd    0x28  Code  Gb  data_init.o [5]
__iar_globLocale        0x20000040    0x48  Data  Lc  xlocale_c.o [3]
__iar_global_Locale     0x080010bd     0x4  Code  Gb  xlocale_c.o [3]
__iar_program_start     0x080068bd          Code  Gb  cstartup_M.o [5]
__iar_small_idiv        0x0800185d          Code  Gb  I32DivMod.o [5]
__iar_small_idivmod     0x0800185d          Code  Gb  I32DivMod.o [5]
__iar_small_uidiv       0x08001885          Code  Gb  I32DivMod.o [5]
__iar_small_uidivmod    0x08001885          Code  Gb  I32DivMod.o [5]
__iar_systems$$module {Abs}
                        0x00000001          Data  Gb  command line/config [2]
__iar_zero_init3        0x08006769    0x3c  Code  Gb  zero_init3.o [5]
__low_level_init        0x08006867     0x4  Code  Gb  low_level_init.o [3]
__vector_table          0x08000000          Data  Gb  startup_stm32f030xc.o [1]
_call_main              0x08006855          Code  Gb  cmain.o [5]
_exit                   0x08006875          Code  Gb  cexit.o [5]
_gLocale_mblen          0x08001125     0xa  Code  Gb  xlocale_c.o [3]
_gLocale_mblenInt       0x080010e9    0x34  Code  Gb  xlocale_c.o [3]
_gLocale_wctomb         0x0800112f     0xa  Code  Gb  xlocale_c.o [3]
_gLocale_wctombInt      0x0800111d     0x8  Code  Gb  xlocale_c.o [3]
_main                   0x08006863          Code  Gb  cmain.o [5]
aRxBuffer4              0x200060a0     0x1  Data  Gb  uart.o [1]
abort                   0x080018bb     0xa  Code  Gb  abort.o [3]
base64_dec              0x08006459    0xc2  Code  Gb  base64.o [1]
base64_enc              0x08006389    0xce  Code  Gb  base64.o [1]
base64de                0x0800655c    0x50  Data  Lc  base64.o [1]
base64en                0x0800651c    0x40  Data  Lc  base64.o [1]
crc16                   0x08005ec9    0x30  Code  Gb  protocal.o [1]
exit                    0x0800686b     0x8  Code  Gb  exit.o [3]
g_timeout_cnts          0x20006a2c     0x4  Data  Lc  stptlc.o [1]
hdma_usart3_rx          0x20006954    0x44  Data  Gb  main.o [1]
hdma_usart3_tx          0x20006998    0x44  Data  Gb  main.o [1]
hdma_usart4_rx          0x200069dc    0x44  Data  Gb  main.o [1]
htim6                   0x2000679c    0x40  Data  Gb  main.o [1]
huart3                  0x200066bc    0x70  Data  Gb  main.o [1]
huart4                  0x2000672c    0x70  Data  Gb  main.o [1]
huart6                  0x2000688c    0x70  Data  Gb  main.o [1]
is_transparent_mode     0x200067dc     0x4  Data  Gb  main.o [1]
jd_master_com_send_exception_response
                        0x080043dd    0x66  Code  Lc  uart_comm.o [1]
jd_master_com_send_response
                        0x08004361    0x7a  Code  Gb  uart_comm.o [1]
jd_om_comm_open         0x08003e4d    0x1a  Code  Gb  jd_os_middleware.o [1]
jd_om_free              0x08004023     0x8  Code  Gb  jd_os_middleware.o [1]
jd_om_malloc            0x08003ffd    0x26  Code  Gb  jd_os_middleware.o [1]
jd_om_malloc::__func__  0x0800402c    0x10  Data  Lc  jd_os_middleware.o [1]
jd_om_mq_create         0x08003f59     0xc  Code  Gb  jd_os_middleware.o [1]
jd_om_mq_recv           0x08003f91    0x6c  Code  Gb  jd_os_middleware.o [1]
jd_om_mq_send           0x08003f75    0x1c  Code  Gb  jd_os_middleware.o [1]
jd_om_msleep            0x08003eb9    0x20  Code  Gb  jd_os_middleware.o [1]
jd_om_recv              0x08003e79    0x12  Code  Gb  jd_os_middleware.o [1]
jd_om_sem_new           0x08003ed9     0xe  Code  Gb  jd_os_middleware.o [1]
jd_om_sem_signal        0x08003f47     0x4  Code  Gb  jd_os_middleware.o [1]
jd_om_sem_wait          0x08003ee7    0x60  Code  Gb  jd_os_middleware.o [1]
jd_om_send              0x08003e67    0x12  Code  Gb  jd_os_middleware.o [1]
jd_om_thread_create     0x08003e8b    0x26  Code  Gb  jd_os_middleware.o [1]
jd_om_thread_start      0x08003eb1     0x8  Code  Gb  jd_os_middleware.o [1]
jz_uart_close_ex        0x08003421    0x10  Code  Gb  uart.o [1]
jz_uart_close_ex::__func__
                        0x080035cc    0x14  Data  Lc  uart.o [1]
jz_uart_init_ex         0x080033b5    0x6a  Code  Gb  uart.o [1]
jz_uart_init_ex::__func__
                        0x08003564    0x10  Data  Lc  uart.o [1]
jz_uart_read_ex         0x0800332d    0x86  Code  Gb  uart.o [1]
jz_uart_read_ex::__func__
                        0x08003514    0x10  Data  Lc  uart.o [1]
jz_uart_write_ex        0x080032ad    0x7c  Code  Gb  uart.o [1]
jz_uart_write_ex::__func__
                        0x080034f4    0x14  Data  Lc  uart.o [1]
localeconv              0x08001139     0x4  Code  Gb  xlocale_c.o [3]
main                    0x080039ad   0x140  Code  Gb  main.o [1]
memchr                  0x080011b5    0x18  Code  Gb  memchr.o [5]
one_session_ok          0x20006a30     0x4  Data  Lc  uart_comm.o [1]
osMutexRelease          0x08003dfb    0x3e  Code  Gb  cmsis_os.o [1]
osMutexWait             0x08003d93    0x68  Code  Gb  cmsis_os.o [1]
osSystickHandler        0x08003e3d    0x10  Code  Gb  cmsis_os.o [1]
osThreadYield           0x08003d89     0xa  Code  Gb  cmsis_os.o [1]
print_hex               0x080042e9    0x5e  Code  Gb  uart_comm.o [1]
print_usart             0x08003431    0x58  Code  Gb  uart.o [1]
prvAddCurrentTaskToDelayedList
                        0x080058b9    0x5c  Code  Lc  tasks.o [1]
prvAddNewTaskToReadyList
                        0x0800528d    0xac  Code  Lc  tasks.o [1]
prvCopyDataFromQueue    0x0800510d    0x26  Code  Lc  queue.o [1]
prvCopyDataToQueue      0x0800509d    0x70  Code  Lc  queue.o [1]
prvDeleteTCB            0x08005795    0x12  Code  Lc  tasks.o [1]
prvIdleTask             0x0800573d    0x58  Code  Lc  tasks.o [1]
prvInitialiseNewQueue   0x08004d33    0x1a  Code  Lc  queue.o [1]
prvInitialiseNewTask    0x0800520d    0x80  Code  Lc  tasks.o [1]
prvInsertBlockIntoFreeList
                        0x08005e1d    0x46  Code  Lc  heap_4.o [1]
prvIsQueueEmpty         0x0800519d    0x12  Code  Lc  queue.o [1]
prvResetNextTaskUnblockTime
                        0x080057a7    0x1e  Code  Lc  tasks.o [1]
prvTaskExitError        0x08004bbd    0x14  Code  Lc  port.o [1]
prvUnlockQueue          0x08005133    0x6a  Code  Lc  queue.o [1]
pvPortMalloc            0x08005ce5    0xfc  Code  Gb  heap_4.o [1]
pvTaskIncrementMutexHeldCount
                        0x08005897    0x14  Code  Gb  tasks.o [1]
pxCurrentTCB            0x20006844     0x4  Data  Gb  tasks.o [1]
pxDelayedTaskList       0x20006848     0x4  Data  Lc  tasks.o [1]
pxEnd                   0x20000090     0x4  Data  Lc  heap_4.o [1]
pxOverflowDelayedTaskList
                        0x20006924     0x4  Data  Lc  tasks.o [1]
pxPortInitialiseStack   0x08004ba1    0x1a  Code  Gb  port.o [1]
pxReadyTasksLists       0x200067e0    0x64  Data  Lc  tasks.o [1]
recv_data_dispatch      0x08004461    0xfa  Code  Lc  uart_comm.o [1]
recv_data_dispatch::__func__
                        0x08004588    0x14  Data  Lc  uart_comm.o [1]
scale                   0x0800093b    0x48  Code  Lc  xprintffull.o [3]
sec_hand                0x20006a34     0x4  Data  Lc  xfail_s.o [3]
sprintf                 0x08005e75    0x40  Code  Gb  sprintf.o [3]
stpllc_close            0x0800629b    0x26  Code  Gb  stpllc_uart.o [1]
stpllc_init             0x08006073     0x8  Code  Gb  stpllc_uart.o [1]
stpllc_open             0x08006235    0x66  Code  Gb  stpllc_uart.o [1]
stpllc_read             0x0800607d   0x172  Code  Gb  stpllc_uart.o [1]
stpllc_read::__func__   0x080062c0     0xc  Data  Lc  stpllc_uart.o [1]
stpllc_read_raw         0x0800622b     0xa  Code  Gb  stpllc_uart.o [1]
stpllc_req_dev_name_by_AT::ReqNameByAt
                        0x0800637c     0xc  Data  Lc  stpllc_uart.o [1]
stpllc_req_dev_name_by_AT::check_AT
                        0x20006a24     0x4  Data  Lc  stpllc_uart.o [1]
stpllc_req_dev_name_by_AT::check_cnt
                        0x20006a20     0x1  Data  Lc  stpllc_uart.o [1]
stpllc_write            0x080061f5    0x2c  Code  Gb  stpllc_uart.o [1]
stpllc_write_raw        0x08006221     0xa  Code  Gb  stpllc_uart.o [1]
strchr                  0x08001145     0x2  Code  Gb  strchr.o [5]
strcpy                  0x08005f15          Code  Gb  strcpy.o [5]
strlen                  0x080011a5    0x10  Code  Gb  strlen.o [5]
strncmp                 0x08005f25    0x2c  Code  Gb  strncmp.o [3]
tlc_iaddr               0x08005947    0x3c  Code  Gb  stptlc.o [1]
tlc_mksum               0x08005983    0x1e  Code  Gb  stptlc.o [1]
tlc_open                0x08005c1b    0x50  Code  Gb  stptlc.o [1]
tlc_recv                0x08005ac5   0x156  Code  Gb  stptlc.o [1]
tlc_send                0x080059a5   0x120  Code  Gb  stptlc.o [1]
uart3_rx_buffer         0x200060bc   0x200  Data  Gb  uart.o [1]
uart3_rx_len            0x200060a6     0x2  Data  Gb  uart.o [1]
uart3_tx_buffer         0x200062bc   0x200  Data  Gb  uart.o [1]
uart4_rx_buffer         0x200064bc   0x200  Data  Gb  uart.o [1]
uart4_rx_len            0x200060a8     0x2  Data  Gb  uart.o [1]
uart_comm_task_init     0x080049ad    0x92  Code  Gb  uart_comm.o [1]
uart_read               0x08006061     0xa  Code  Lc  stpllc_uart.o [1]
uart_recv_data_show     0x08002df9    0x4a  Code  Lc  uart.o [1]
uart_recv_data_show::__func__
                        0x08002e8c    0x14  Data  Lc  uart.o [1]
uart_recv_queue_task    0x080046d1    0x52  Code  Lc  uart_comm.o [1]
uart_recv_queue_task::__func__
                        0x08004744    0x18  Data  Lc  uart_comm.o [1]
uart_recv_task          0x080048ed    0x6a  Code  Lc  uart_comm.o [1]
uart_recv_task::__func__
                        0x08004974    0x10  Data  Lc  uart_comm.o [1]
uart_reinit             0x08002ea1    0x20  Code  Gb  uart.o [1]
uart_send_queue_task    0x08004781    0xd6  Code  Lc  uart_comm.o [1]
uart_send_queue_task::__func__
                        0x0800489c    0x18  Data  Lc  uart_comm.o [1]
uart_write              0x0800606b     0x8  Code  Lc  stpllc_uart.o [1]
ucHeap                  0x200000a0  0x6000  Data  Lc  heap_4.o [1]
ulSetInterruptMaskFromISR
                        0x08005fb9          Code  Gb  portasm.o [1]
uwTick                  0x20006a28     0x4  Data  Gb  stm32f0xx_hal.o [1]
uxCriticalNesting       0x20000000     0x4  Data  Lc  port.o [1]
uxCurrentNumberOfTasks  0x2000684c     0x4  Data  Lc  tasks.o [1]
uxDeletedTasksWaitingCleanUp
                        0x20006928     0x4  Data  Lc  tasks.o [1]
uxListRemove            0x0800603d    0x24  Code  Gb  list.o [1]
uxPendedTicks           0x20006944     0x4  Data  Lc  tasks.o [1]
uxSchedulerSuspended    0x20006860     0x4  Data  Lc  tasks.o [1]
uxTaskNumber            0x20006948     0x4  Data  Lc  tasks.o [1]
uxTopReadyPriority      0x20006850     0x4  Data  Lc  tasks.o [1]
vApplicationStackOverflowHook
                        0x08004b81     0xa  Code  Gb  uart_comm.o [1]
vClearInterruptMaskFromISR
                        0x08005fc1          Code  Gb  portasm.o [1]
vListInitialise         0x08005fcd    0x1e  Code  Gb  list.o [1]
vListInitialiseItem     0x08005feb     0x6  Code  Gb  list.o [1]
vListInsert             0x08006009    0x34  Code  Gb  list.o [1]
vListInsertEnd          0x08005ff1    0x18  Code  Gb  list.o [1]
vPortEnterCritical      0x08004c09     0xc  Code  Gb  port.o [1]
vPortExitCritical       0x08004c21    0x18  Code  Gb  port.o [1]
vPortFree               0x08005de1    0x3c  Code  Gb  heap_4.o [1]
vPortStartFirstTask     0x08005f97          Code  Gb  portasm.o [1]
vPortYield              0x08004bfd     0xa  Code  Gb  port.o [1]
vSetMSP                 0x08005f51          Code  Gb  portasm.o [1]
vTaskDelayUntil         0x08005339    0x58  Code  Gb  tasks.o [1]
vTaskMissedYield        0x08005731     0x8  Code  Gb  tasks.o [1]
vTaskPlaceOnEventList   0x08005635    0x18  Code  Gb  tasks.o [1]
vTaskPriorityInherit    0x080057e1    0x5a  Code  Gb  tasks.o [1]
vTaskSetTimeOutState    0x080056bd    0x16  Code  Gb  tasks.o [1]
vTaskStartScheduler     0x08005415    0x3e  Code  Gb  tasks.o [1]
vTaskSuspend            0x08005395    0x78  Code  Gb  tasks.o [1]
vTaskSuspendAll         0x0800545d     0xa  Code  Gb  tasks.o [1]
vTaskSwitchContext      0x080055d5    0x60  Code  Gb  tasks.o [1]
vsprintf                0x0800404d    0x34  Code  Gb  vsprintf.o [3]
wait_ack                0x0800591d    0x2a  Code  Gb  stptlc.o [1]
xBlockAllocatedBit      0x2000009c     0x4  Data  Lc  heap_4.o [1]
xDelayedTaskList1       0x20006864    0x14  Data  Lc  tasks.o [1]
xDelayedTaskList2       0x20006878    0x14  Data  Lc  tasks.o [1]
xFreeBytesRemaining     0x20000094     0x4  Data  Lc  heap_4.o [1]
xIdleTaskHandle         0x20006950     0x4  Data  Lc  tasks.o [1]
xMinimumEverFreeBytesRemaining
                        0x20000098     0x4  Data  Lc  heap_4.o [1]
xNextTaskUnblockTime    0x2000694c     0x4  Data  Lc  tasks.o [1]
xNumOfOverflows         0x2000685c     0x4  Data  Lc  tasks.o [1]
xPendingReadyList       0x200068fc    0x14  Data  Lc  tasks.o [1]
xPortStartScheduler     0x08004bd1    0x2a  Code  Gb  port.o [1]
xPortSysTickHandler     0x08004c39    0x20  Code  Gb  port.o [1]
xQueueGenericCreate     0x08004cfd    0x36  Code  Gb  queue.o [1]
xQueueGenericReceive    0x08004eed   0x13c  Code  Gb  queue.o [1]
xQueueGenericReset      0x08004c89    0x74  Code  Gb  queue.o [1]
xQueueGenericSend       0x08004d4d   0x120  Code  Gb  queue.o [1]
xQueueGiveFromISR       0x08004e75    0x76  Code  Gb  queue.o [1]
xQueueReceiveFromISR    0x08005029    0x6a  Code  Gb  queue.o [1]
xSchedulerRunning       0x20006854     0x4  Data  Lc  tasks.o [1]
xStart                  0x20000088     0x8  Data  Lc  heap_4.o [1]
xSuspendedTaskList      0x2000692c    0x14  Data  Lc  tasks.o [1]
xTaskCheckForTimeOut    0x080056d5    0x5c  Code  Gb  tasks.o [1]
xTaskCreate             0x080051b1    0x5a  Code  Gb  tasks.o [1]
xTaskGetSchedulerState  0x080057c5    0x1c  Code  Gb  tasks.o [1]
xTaskGetTickCount       0x08005509     0x6  Code  Gb  tasks.o [1]
xTaskIncrementTick      0x08005515    0xba  Code  Gb  tasks.o [1]
xTaskPriorityDisinherit
                        0x0800583d    0x5a  Code  Gb  tasks.o [1]
xTaskRemoveFromEventList
                        0x08005661    0x58  Code  Gb  tasks.o [1]
xTaskResumeAll          0x08005469    0xa0  Code  Gb  tasks.o [1]
xTasksWaitingTermination
                        0x20006910    0x14  Data  Lc  tasks.o [1]
xTickCount              0x20006940     0x4  Data  Lc  tasks.o [1]
xYieldPending           0x20006858     0x4  Data  Lc  tasks.o [1]


[1] = D:\work\cabinet_virtual_battery\code_gen\EWARM\Virtual_battery\Obj
[2] = command line
[3] = dl6M_tlf.a
[4] = m6M_tl.a
[5] = rt6M_tl.a
[6] = shb_l.a

  26 614 bytes of readonly  code memory
     242 bytes of readonly  data memory
  28 216 bytes of readwrite data memory

Errors: none
Warnings: none
