###############################################################################
#
# IAR ELF Linker V8.20.1.14183/W32 for ARM                28/Apr/2019  10:22:41
# Copyright 2007-2017 IAR Systems AB.
#
#    Output file  =  
#        D:\work\cabinet_virtual_battery\code_gen\EWARM\Virtual_battery\Exe\Virtual_battery.out
#    Map file     =  
#        D:\work\cabinet_virtual_battery\code_gen\EWARM\Virtual_battery\List\Virtual_battery.map
#    Command line =  
#        -f C:\Users\asus\AppData\Local\Temp\EW766D.tmp
#        (D:\work\cabinet_virtual_battery\code_gen\EWARM\Virtual_battery\Obj\base64.o
#        D:\work\cabinet_virtual_battery\code_gen\EWARM\Virtual_battery\Obj\cmsis_os.o
#        D:\work\cabinet_virtual_battery\code_gen\EWARM\Virtual_battery\Obj\croutine.o
#        D:\work\cabinet_virtual_battery\code_gen\EWARM\Virtual_battery\Obj\event_groups.o
#        D:\work\cabinet_virtual_battery\code_gen\EWARM\Virtual_battery\Obj\freertos.o
#        D:\work\cabinet_virtual_battery\code_gen\EWARM\Virtual_battery\Obj\heap_4.o
#        D:\work\cabinet_virtual_battery\code_gen\EWARM\Virtual_battery\Obj\jd_os_middleware.o
#        D:\work\cabinet_virtual_battery\code_gen\EWARM\Virtual_battery\Obj\list.o
#        D:\work\cabinet_virtual_battery\code_gen\EWARM\Virtual_battery\Obj\main.o
#        D:\work\cabinet_virtual_battery\code_gen\EWARM\Virtual_battery\Obj\port.o
#        D:\work\cabinet_virtual_battery\code_gen\EWARM\Virtual_battery\Obj\portasm.o
#        D:\work\cabinet_virtual_battery\code_gen\EWARM\Virtual_battery\Obj\protocal.o
#        D:\work\cabinet_virtual_battery\code_gen\EWARM\Virtual_battery\Obj\queue.o
#        D:\work\cabinet_virtual_battery\code_gen\EWARM\Virtual_battery\Obj\startup_stm32f030xc.o
#        D:\work\cabinet_virtual_battery\code_gen\EWARM\Virtual_battery\Obj\stm32f0xx_hal.o
#        D:\work\cabinet_virtual_battery\code_gen\EWARM\Virtual_battery\Obj\stm32f0xx_hal_cortex.o
#        D:\work\cabinet_virtual_battery\code_gen\EWARM\Virtual_battery\Obj\stm32f0xx_hal_dma.o
#        D:\work\cabinet_virtual_battery\code_gen\EWARM\Virtual_battery\Obj\stm32f0xx_hal_flash.o
#        D:\work\cabinet_virtual_battery\code_gen\EWARM\Virtual_battery\Obj\stm32f0xx_hal_flash_ex.o
#        D:\work\cabinet_virtual_battery\code_gen\EWARM\Virtual_battery\Obj\stm32f0xx_hal_gpio.o
#        D:\work\cabinet_virtual_battery\code_gen\EWARM\Virtual_battery\Obj\stm32f0xx_hal_i2c.o
#        D:\work\cabinet_virtual_battery\code_gen\EWARM\Virtual_battery\Obj\stm32f0xx_hal_i2c_ex.o
#        D:\work\cabinet_virtual_battery\code_gen\EWARM\Virtual_battery\Obj\stm32f0xx_hal_msp.o
#        D:\work\cabinet_virtual_battery\code_gen\EWARM\Virtual_battery\Obj\stm32f0xx_hal_pwr.o
#        D:\work\cabinet_virtual_battery\code_gen\EWARM\Virtual_battery\Obj\stm32f0xx_hal_pwr_ex.o
#        D:\work\cabinet_virtual_battery\code_gen\EWARM\Virtual_battery\Obj\stm32f0xx_hal_rcc.o
#        D:\work\cabinet_virtual_battery\code_gen\EWARM\Virtual_battery\Obj\stm32f0xx_hal_rcc_ex.o
#        D:\work\cabinet_virtual_battery\code_gen\EWARM\Virtual_battery\Obj\stm32f0xx_hal_tim.o
#        D:\work\cabinet_virtual_battery\code_gen\EWARM\Virtual_battery\Obj\stm32f0xx_hal_tim_ex.o
#        D:\work\cabinet_virtual_battery\code_gen\EWARM\Virtual_battery\Obj\stm32f0xx_hal_uart.o
#        D:\work\cabinet_virtual_battery\code_gen\EWARM\Virtual_battery\Obj\stm32f0xx_hal_uart_ex.o
#        D:\work\cabinet_virtual_battery\code_gen\EWARM\Virtual_battery\Obj\stm32f0xx_it.o
#        D:\work\cabinet_virtual_battery\code_gen\EWARM\Virtual_battery\Obj\stpllc_uart.o
#        D:\work\cabinet_virtual_battery\code_gen\EWARM\Virtual_battery\Obj\stptlc.o
#        D:\work\cabinet_virtual_battery\code_gen\EWARM\Virtual_battery\Obj\system_stm32f0xx.o
#        D:\work\cabinet_virtual_battery\code_gen\EWARM\Virtual_battery\Obj\tasks.o
#        D:\work\cabinet_virtual_battery\code_gen\EWARM\Virtual_battery\Obj\timers.o
#        D:\work\cabinet_virtual_battery\code_gen\EWARM\Virtual_battery\Obj\uart.o
#        D:\work\cabinet_virtual_battery\code_gen\EWARM\Virtual_battery\Obj\uart_comm.o
#        D:\work\cabinet_virtual_battery\code_gen\EWARM\Virtual_battery\Obj\utils.o
#        --redirect _Printf=_PrintfFull --redirect _Scanf=_ScanfFull -o
#        D:\work\cabinet_virtual_battery\code_gen\EWARM\Virtual_battery\Exe\Virtual_battery.out
#        --map
#        D:\work\cabinet_virtual_battery\code_gen\EWARM\Virtual_battery\List\Virtual_battery.map
#        --config
#        D:\work\cabinet_virtual_battery\code_gen\EWARM/stm32f030xc_flash.icf
#        --semihosting --entry __iar_program_start --vfe --text_out locale)
#
###############################################################################

*******************************************************************************
*** RUNTIME MODEL ATTRIBUTES
***

CppFlavor       = *
__SystemLibrary = DLib
__dlib_version  = 6


*******************************************************************************
*** HEAP SELECTION
***

The basic heap was selected because no calls to memory allocation
functions were found in the application outside of system library
functions, and there are calls to deallocation functions in the
application.


*******************************************************************************
*** PLACEMENT SUMMARY
***

"A0":  place at 0x08000000 { ro section .intvec };
"P1":  place in [from 0x08000000 to 0x0803ffff] { ro };
define block CSTACK with size = 1K, alignment = 8 { };
define block HEAP with size = 512, alignment = 8 { };
"P2":  place in [from 0x20000000 to 0x20007fff] {
          rw, block CSTACK, block HEAP };
initialize by copy { rw };

  Section            Kind        Address    Size  Object
  -------            ----        -------    ----  ------
"A0":                                       0xc0
  .intvec            ro code  0x08000000    0xc0  startup_stm32f030xc.o [1]
                            - 0x080000c0    0xc0

"P1":                                     0x5de4
  .text              ro code  0x080000c0   0xff2  xprintffull.o [3]
  .text              ro code  0x080010b2     0xa  xsprout.o [3]
  .text              ro code  0x080010bc    0x88  xlocale_c.o [3]
  .text              ro code  0x08001144    0x16  strchr.o [5]
  .text              ro code  0x0800115a     0x2  startup_stm32f030xc.o [1]
  .text              ro code  0x0800115c    0x48  xfail_s.o [3]
  .text              ro code  0x080011a4    0x10  strlen.o [5]
  .text              ro code  0x080011b4    0x18  memchr.o [5]
  .text              ro code  0x080011cc     0xa  xmbcurmax.o [3]
  .text              ro code  0x080011d6     0x2  startup_stm32f030xc.o [1]
  .text              ro code  0x080011d8    0x5c  ABImemcpy.o [5]
  .text              ro code  0x08001234    0x6a  I64DivMod.o [5]
  .text              ro code  0x0800129e   0x184  DblMul.o [4]
  .text              ro code  0x08001422    0x32  DblCmpLe.o [4]
  .text              ro code  0x08001454    0x32  DblCmpGe.o [4]
  .text              ro code  0x08001486     0x2  startup_stm32f030xc.o [1]
  .text              ro code  0x08001488    0x52  DblToI32.o [4]
  .text              ro code  0x080014da     0x2  startup_stm32f030xc.o [1]
  .text              ro code  0x080014dc    0x34  IxxToDbl.o [4]
  .text              ro code  0x08001510   0x1a8  DblAddSub.o [4]
  .text              ro code  0x080016b8    0xe0  I32DivModFast.o [5]
  .text              ro code  0x08001798    0xc2  DblDiv.o [4]
  .text              ro code  0x0800185a     0x2  startup_stm32f030xc.o [1]
  .text              ro code  0x0800185c    0x36  I32DivMod.o [5]
  .text              ro code  0x08001892     0xa  abort.o [3]
  .text              ro code  0x0800189c     0x2  I64DivZer.o [5]
  .text              ro code  0x0800189e     0x2  startup_stm32f030xc.o [1]
  .text              ro code  0x080018a0     0x2  IntDivZer.o [5]
  .text              ro code  0x080018a2     0x2  startup_stm32f030xc.o [1]
  .text              ro code  0x080018a4    0x14  exit.o [6]
  .text              ro code  0x080018b8   0x8b8  uart_comm.o [1]
  .text              ro code  0x08002170    0x4c  ABImemset.o [5]
  .text              ro code  0x080021bc   0x518  uart.o [1]
  .text              ro code  0x080026d4    0x40  sprintf.o [3]
  .text              ro code  0x08002714   0x200  jd_os_middleware.o [1]
  .text              ro code  0x08002914    0x14  uwrite4.o [5]
  .text              ro code  0x08002928    0x34  protocal.o [1]
  .text              ro code  0x0800295c    0x16  uread4.o [5]
  .text              ro code  0x08002972     0x2  startup_stm32f030xc.o [1]
  .text              ro code  0x08002974    0x10  strcpy.o [5]
  .text              ro code  0x08002984    0x2c  strncmp.o [3]
  .text              ro code  0x080029b0   0x3c0  stptlc.o [1]
  .text              ro code  0x08002d70   0x76c  tasks.o [1]
  .text              ro code  0x080034dc   0x788  stm32f0xx_hal_uart.o [1]
  .text              ro code  0x08003c64    0xc4  cmsis_os.o [1]
  .text              ro code  0x08003d28    0x34  vsprintf.o [3]
  .text              ro code  0x08003d5c   0x528  queue.o [1]
  .text              ro code  0x08004284   0x184  heap_4.o [1]
  .text              ro code  0x08004408   0x32c  stpllc_uart.o [1]
  .text              ro code  0x08004734    0x94  list.o [1]
  .text              ro code  0x080047c8    0xe8  port.o [1]
  .text              ro code  0x080048b0   0x1e0  stm32f0xx_hal_msp.o [1]
  .text              ro code  0x08004a90     0xc  stm32f0xx_hal.o [1]
  .text              ro code  0x08004a9c    0x48  stm32f0xx_hal_dma.o [1]
  .text              ro code  0x08004ae4     0x2  stm32f0xx_hal_uart.o [1]
  .text              ro code  0x08004ae6     0x2  startup_stm32f030xc.o [1]
  .text              ro code  0x08004ae8   0x5b4  stm32f0xx_hal_rcc.o [1]
  .text              ro code  0x0800509c     0x2  stm32f0xx_hal_uart.o [1]
  .text              ro code  0x0800509e     0x2  startup_stm32f030xc.o [1]
  CODE               ro code  0x080050a0    0x7c  portasm.o [1]
  .text              ro code  0x0800511c   0x224  base64.o [1]
  .text              ro code  0x08005340    0x26  ABImemmove.o [5]
  .text              ro code  0x08005366     0x2  startup_stm32f030xc.o [1]
  .text              ro code  0x08005368    0x84  stm32f0xx_hal_cortex.o [1]
  .text              ro code  0x080053ec   0x1c8  stm32f0xx_hal_gpio.o [1]
  .text              ro code  0x080055b4    0x24  stm32f0xx_hal.o [1]
  .text              ro code  0x080055d8   0x3a8  main.o [1]
  .text              ro code  0x08005980    0x3c  stm32f0xx_hal.o [1]
  .text              ro code  0x080059bc   0x218  stm32f0xx_hal_tim.o [1]
  .text              ro code  0x08005bd4     0x2  stm32f0xx_hal_tim.o [1]
  .text              ro code  0x08005bd6     0x2  stm32f0xx_hal_tim.o [1]
  .text              ro code  0x08005bd8     0x2  stm32f0xx_hal_tim.o [1]
  .text              ro code  0x08005bda     0x2  stm32f0xx_hal_tim_ex.o [1]
  .text              ro code  0x08005bdc     0x2  stm32f0xx_hal_tim.o [1]
  .text              ro code  0x08005bde     0x2  stm32f0xx_hal_tim_ex.o [1]
  .text              ro code  0x08005be0    0x70  system_stm32f0xx.o [1]
  .text              ro code  0x08005c50    0x54  stm32f0xx_it.o [1]
  .text              ro code  0x08005ca4    0x10  stm32f0xx_hal.o [1]
  .text              ro code  0x08005cb4    0x3c  zero_init3.o [5]
  .text              ro code  0x08005cf0    0x3c  packbits_init_single.o [5]
  .rodata            const    0x08005d2c    0x28  uart_comm.o [1]
  .text              ro code  0x08005d54    0x28  data_init.o [5]
  .iar.init_table    const    0x08005d7c    0x20  - Linker created -
  .text              ro code  0x08005d9c    0x1e  cmain.o [5]
  .text              ro code  0x08005dba     0x4  low_level_init.o [3]
  .text              ro code  0x08005dbe     0x8  exit.o [3]
  .text              ro code  0x08005dc6     0x2  startup_stm32f030xc.o [1]
  .text              ro code  0x08005dc8     0xa  cexit.o [5]
  .text              ro code  0x08005dd2    0x1c  xencoding_8859_1.o [3]
  .text              ro code  0x08005dee     0x2  startup_stm32f030xc.o [1]
  .rodata            const    0x08005df0    0x10  xprintffull.o [3]
  .text              ro code  0x08005e00    0x10  startup_stm32f030xc.o [1]
  .text              ro code  0x08005e10     0xc  cstartup_M.o [5]
  .rodata            const    0x08005e1c     0x8  system_stm32f0xx.o [1]
  .rodata            const    0x08005e24     0x6  xlocale_c.o [3]
  .text              ro code  0x08005e2a     0x2  startup_stm32f030xc.o [1]
  .text              ro code  0x08005e2c     0x2  startup_stm32f030xc.o [1]
  .text              ro code  0x08005e2e     0x2  startup_stm32f030xc.o [1]
  .text              ro code  0x08005e30     0x2  startup_stm32f030xc.o [1]
  .text              ro code  0x08005e32     0x2  startup_stm32f030xc.o [1]
  .text              ro code  0x08005e34     0x2  startup_stm32f030xc.o [1]
  .text              ro code  0x08005e36     0x2  startup_stm32f030xc.o [1]
  .text              ro code  0x08005e38     0x2  startup_stm32f030xc.o [1]
  .text              ro code  0x08005e3a     0x2  startup_stm32f030xc.o [1]
  .text              ro code  0x08005e3c     0x2  startup_stm32f030xc.o [1]
  .rodata            const    0x08005e3e     0x0  zero_init3.o [5]
  .rodata            const    0x08005e3e     0x0  packbits_init_single.o [5]
  Initializer bytes  const    0x08005e3e    0x66  <for P2-1>
                            - 0x08005ea4  0x5de4

"P2", part 1 of 3:                          0xac
  P2-1                        0x20000000    0xac  <Init block>
    .data            inited   0x20000000     0x4  port.o [1]
    .data            inited   0x20000004     0x4  system_stm32f0xx.o [1]
    .data            inited   0x20000008    0x24  uart.o [1]
    .data            inited   0x2000002c    0x38  xlocale_c.o [3]
    .data            inited   0x20000064    0x48  xlocale_c.o [3]
                            - 0x200000ac    0xac

"P2", part 2 of 3:                        0x66c8
  .bss               zero     0x200000ac  0x6018  heap_4.o [1]
  .bss               zero     0x200060c4   0x200  uart.o [1]
  .bss               zero     0x200062c4   0x200  uart.o [1]
  .bss               zero     0x200064c4   0x124  main.o [1]
  .bss               zero     0x200065e8    0xac  tasks.o [1]
  .bss               zero     0x20006694    0x70  main.o [1]
  .bss               zero     0x20006704    0x58  tasks.o [1]
  .bss               zero     0x2000675c     0x8  stpllc_uart.o [1]
  .bss               zero     0x20006764     0x4  stm32f0xx_hal.o [1]
  .bss               zero     0x20006768     0x4  stptlc.o [1]
  .bss               zero     0x2000676c     0x4  uart_comm.o [1]
  .bss               zero     0x20006770     0x4  xfail_s.o [3]
                            - 0x20006774  0x66c8

"P2", part 3 of 3:                         0x400
  CSTACK                      0x20006778   0x400  <Block>
    CSTACK           uninit   0x20006778   0x400  <Block tail>
                            - 0x20006b78   0x400


*******************************************************************************
*** INIT TABLE
***

          Address     Size
          -------     ----
Zero (__iar_zero_init3)
    1 destination range, total size 0x66c8:
          0x200000ac  0x66c8

Copy/packbits (__iar_packbits_init_single3)
    1 source range, total size 0x66 (59% of destination):
          0x08005e3e    0x66
    1 destination range, total size 0xac:
          0x20000000    0xac



*******************************************************************************
*** MODULE SUMMARY
***

    Module                  ro code  ro data  rw data
    ------                  -------  -------  -------
D:\work\cabinet_virtual_battery\code_gen\EWARM\Virtual_battery\Obj: [1]
    base64.o                    548
    cmsis_os.o                  196
    heap_4.o                    388            24 600
    jd_os_middleware.o          512
    list.o                      148
    main.o                      936               404
    port.o                      232        2        4
    portasm.o                   124
    protocal.o                   52
    queue.o                   1 320
    startup_stm32f030xc.o       254
    stm32f0xx_hal.o             124                 4
    stm32f0xx_hal_cortex.o      132
    stm32f0xx_hal_dma.o          72
    stm32f0xx_hal_gpio.o        456
    stm32f0xx_hal_msp.o         480
    stm32f0xx_hal_rcc.o       1 460
    stm32f0xx_hal_tim.o         544
    stm32f0xx_hal_tim_ex.o        4
    stm32f0xx_hal_uart.o      1 932
    stm32f0xx_it.o               84
    stpllc_uart.o               812                 8
    stptlc.o                    960                 4
    system_stm32f0xx.o          112       10        4
    tasks.o                   1 900               260
    uart.o                    1 304       22    1 060
    uart_comm.o               2 232       40        4
    -------------------------------------------------
    Total:                   17 318       74   26 352

command line: [2]
    -------------------------------------------------
    Total:

dl6M_tlf.a: [3]
    abort.o                      10
    exit.o                        8
    low_level_init.o              4
    sprintf.o                    64
    strncmp.o                    44
    vsprintf.o                   52
    xencoding_8859_1.o           28
    xfail_s.o                    72                 4
    xlocale_c.o                 136       82      128
    xmbcurmax.o                  10
    xprintffull.o             4 082       16
    xsprout.o                    10
    -------------------------------------------------
    Total:                    4 520       98      132

m6M_tl.a: [4]
    DblAddSub.o                 424
    DblCmpGe.o                   50
    DblCmpLe.o                   50
    DblDiv.o                    194
    DblMul.o                    388
    DblToI32.o                   82
    IxxToDbl.o                   52
    -------------------------------------------------
    Total:                    1 240

rt6M_tl.a: [5]
    ABImemcpy.o                  92
    ABImemmove.o                 38
    ABImemset.o                  76
    I32DivMod.o                  54
    I32DivModFast.o             224
    I64DivMod.o                 106
    I64DivZer.o                   2
    IntDivZer.o                   2
    cexit.o                      10
    cmain.o                      30
    cstartup_M.o                 12
    data_init.o                  40
    memchr.o                     24
    packbits_init_single.o       60
    strchr.o                     22
    strcpy.o                     16
    strlen.o                     16
    uread4.o                     22
    uwrite4.o                    20
    zero_init3.o                 60
    -------------------------------------------------
    Total:                      926

shb_l.a: [6]
    exit.o                       20
    -------------------------------------------------
    Total:                       20

    Linker created                        32    1 024
-----------------------------------------------------
    Grand Total:             24 024      204   27 508


*******************************************************************************
*** ENTRY LIST
***

Entry                      Address    Size  Type      Object
-----                      -------    ----  ----      ------
.iar.init_table$$Base   0x08005d7c           --   Gb  - Linker created -
.iar.init_table$$Limit  0x08005d9c           --   Gb  - Linker created -
?main                   0x08005d9d          Code  Gb  cmain.o [5]
AHBPrescTable           0x08005c40    0x10  Data  Gb  system_stm32f0xx.o [1]
APBPrescTable           0x08005e1c     0x8  Data  Gb  system_stm32f0xx.o [1]
CSTACK$$Base            0x20006778           --   Gb  - Linker created -
CSTACK$$Limit           0x20006b78           --   Gb  - Linker created -
CacheMore               0x080010c1    0x28  Code  Lc  xlocale_c.o [3]
EXTI2_3_IRQHandler      0x08005c61     0xa  Code  Gb  stm32f0xx_it.o [1]
EXTI4_15_IRQHandler     0x08005c6b     0xa  Code  Gb  stm32f0xx_it.o [1]
HAL_DMA_Abort_IT        0x08004a9d    0x48  Code  Gb  stm32f0xx_hal_dma.o [1]
HAL_GPIO_EXTI_Callback  0x080055d9    0x1c  Code  Gb  main.o [1]
HAL_GPIO_EXTI_Callback::__func__
                        0x080058b0    0x18  Data  Lc  main.o [1]
HAL_GPIO_EXTI_IRQHandler
                        0x08005583    0x14  Code  Gb  stm32f0xx_hal_gpio.o [1]
HAL_GPIO_Init           0x080053ed   0x186  Code  Gb  stm32f0xx_hal_gpio.o [1]
HAL_GPIO_WritePin       0x08005573    0x10  Code  Gb  stm32f0xx_hal_gpio.o [1]
HAL_GetTick             0x08004a91     0xc  Code  Wk  stm32f0xx_hal.o [1]
HAL_GetUIDw0            0x0800599b     0x6  Code  Gb  stm32f0xx_hal.o [1]
HAL_GetUIDw1            0x080059a1     0x6  Code  Gb  stm32f0xx_hal.o [1]
HAL_GetUIDw2            0x080059a7     0x6  Code  Gb  stm32f0xx_hal.o [1]
HAL_HalfDuplex_EnableReceiver
                        0x0800382d    0x2a  Code  Gb  stm32f0xx_hal_uart.o [1]
HAL_HalfDuplex_EnableTransmitter
                        0x08003801    0x2c  Code  Gb  stm32f0xx_hal_uart.o [1]
HAL_HalfDuplex_Init     0x08003533    0x54  Code  Gb  stm32f0xx_hal_uart.o [1]
HAL_IncTick             0x08005ca5    0x10  Code  Wk  stm32f0xx_hal.o [1]
HAL_Init                0x08005981    0x1a  Code  Gb  stm32f0xx_hal.o [1]
HAL_InitTick            0x080055b5    0x24  Code  Wk  stm32f0xx_hal.o [1]
HAL_MspInit             0x080048b1    0x34  Code  Gb  stm32f0xx_hal_msp.o [1]
HAL_NVIC_EnableIRQ      0x080053a5     0xe  Code  Gb  stm32f0xx_hal_cortex.o [1]
HAL_NVIC_SetPriority    0x0800539d     0x8  Code  Gb  stm32f0xx_hal_cortex.o [1]
HAL_RCC_ClockConfig     0x08004eb1   0x130  Code  Gb  stm32f0xx_hal_rcc.o [1]
HAL_RCC_GetHCLKFreq     0x0800502d     0x6  Code  Gb  stm32f0xx_hal_rcc.o [1]
HAL_RCC_GetPCLK1Freq    0x08005039    0x14  Code  Gb  stm32f0xx_hal_rcc.o [1]
HAL_RCC_GetSysClockFreq
                        0x08004fe5    0x48  Code  Gb  stm32f0xx_hal_rcc.o [1]
HAL_RCC_GetSysClockFreq::aPLLMULFactorTable
                        0x0800507c    0x10  Data  Lc  stm32f0xx_hal_rcc.o [1]
HAL_RCC_GetSysClockFreq::aPredivFactorTable
                        0x0800508c    0x10  Data  Lc  stm32f0xx_hal_rcc.o [1]
HAL_RCC_OscConfig       0x08004ae9   0x3c2  Code  Gb  stm32f0xx_hal_rcc.o [1]
HAL_SYSTICK_Config      0x080053b3    0x28  Code  Gb  stm32f0xx_hal_cortex.o [1]
HAL_TIMEx_BreakCallback
                        0x08005bdb     0x2  Code  Wk  stm32f0xx_hal_tim_ex.o [1]
HAL_TIMEx_CommutationCallback
                        0x08005bdf     0x2  Code  Wk  stm32f0xx_hal_tim_ex.o [1]
HAL_TIM_Base_Init       0x080059bd    0x1e  Code  Gb  stm32f0xx_hal_tim.o [1]
HAL_TIM_Base_MspInit    0x080048e5    0x30  Code  Gb  stm32f0xx_hal_msp.o [1]
HAL_TIM_IC_CaptureCallback
                        0x080021bd    0x6c  Code  Gb  uart.o [1]
HAL_TIM_IC_CaptureCallback::__func__
                        0x08002228    0x1c  Data  Lc  uart.o [1]
HAL_TIM_IC_CaptureCallback::loopcnt3
                        0x2000000c     0x1  Data  Lc  uart.o [1]
HAL_TIM_IC_CaptureCallback::loopcnt4
                        0x2000000d     0x1  Data  Lc  uart.o [1]
HAL_TIM_IRQHandler      0x080059f3   0x152  Code  Gb  stm32f0xx_hal_tim.o [1]
HAL_UART_GetState       0x08003865     0xc  Code  Gb  stm32f0xx_hal_uart.o [1]
HAL_UART_IRQHandler     0x080036f1   0x10e  Code  Gb  stm32f0xx_hal_uart.o [1]
HAL_UART_Init           0x080034dd    0x56  Code  Gb  stm32f0xx_hal_uart.o [1]
HAL_UART_MspInit        0x08004915   0x152  Code  Gb  stm32f0xx_hal_msp.o [1]
HAL_UART_Receive_IT     0x08003659    0x94  Code  Gb  stm32f0xx_hal_uart.o [1]
HAL_UART_RxCpltCallback
                        0x080022b1   0x156  Code  Gb  uart.o [1]
HAL_UART_RxCpltCallback::__func__
                        0x08002594    0x18  Data  Lc  uart.o [1]
HAL_UART_Transmit       0x08003599    0xbc  Code  Gb  stm32f0xx_hal_uart.o [1]
HAL_UART_Transmit_Retry
                        0x08002289    0x26  Code  Lc  uart.o [1]
HardFault_Handler       0x08005c53     0x2  Code  Gb  stm32f0xx_it.o [1]
LoadInt                 0x080002ad    0x74  Code  Lc  xprintffull.o [3]
MX_GPIO_Init            0x0800574d   0x12e  Code  Lc  main.o [1]
NMI_Handler             0x08005c51     0x2  Code  Gb  stm32f0xx_it.o [1]
NVIC_SetPriority        0x08005369    0x34  Code  Lc  stm32f0xx_hal_cortex.o [1]
PendSV_Handler          0x080050a7          Code  Gb  portasm.o [1]
Region$$Table$$Base     0x08005d7c           --   Gb  - Linker created -
Region$$Table$$Limit    0x08005d9c           --   Gb  - Linker created -
Rx3Started              0x20000014     0x4  Data  Lc  uart.o [1]
Rx4Started              0x20000018     0x4  Data  Lc  uart.o [1]
SVC_Handler             0x080050e5          Code  Gb  portasm.o [1]
SysTick_Handler         0x08005c55     0xc  Code  Gb  stm32f0xx_it.o [1]
SystemClock_Config      0x08005709    0x44  Code  Gb  main.o [1]
SystemCoreClock         0x20000004     0x4  Data  Gb  system_stm32f0xx.o [1]
SystemInit              0x08005be1    0x48  Code  Gb  system_stm32f0xx.o [1]
TIM6_IRQHandler         0x08005c75     0xa  Code  Gb  stm32f0xx_it.o [1]
TIM_Base_SetConfig      0x08005b45    0x70  Code  Gb  stm32f0xx_hal_tim.o [1]
UART_AdvFeatureConfig   0x080039a1    0xc8  Code  Gb  stm32f0xx_hal_uart.o [1]
UART_CheckIdleState     0x08003a69    0x12  Code  Gb  stm32f0xx_hal_uart.o [1]
UART_DMAAbortOnError    0x08003b51    0x14  Code  Lc  stm32f0xx_hal_uart.o [1]
UART_EndRxTransfer      0x08003ae5    0x1c  Code  Lc  stm32f0xx_hal_uart.o [1]
UART_EndTransmit_IT     0x08003bcd    0x1a  Code  Gb  stm32f0xx_hal_uart.o [1]
UART_Receive_IT         0x08003be7    0x72  Code  Gb  stm32f0xx_hal_uart.o [1]
UART_SetConfig          0x08003871   0x12a  Code  Gb  stm32f0xx_hal_uart.o [1]
UART_Transmit_IT        0x08003b65    0x68  Code  Gb  stm32f0xx_hal_uart.o [1]
UART_WaitOnFlagUntilTimeout
                        0x08003a7b    0x64  Code  Gb  stm32f0xx_hal_uart.o [1]
USART3_6_IRQHandler     0x08005c7f    0x16  Code  Gb  stm32f0xx_it.o [1]
UartRxSem4              0x20000010     0x4  Data  Gb  uart.o [1]
Uart_RxBuff3            0x200060c4   0x200  Data  Gb  uart.o [1]
Uart_RxBuff4            0x200062c4   0x200  Data  Gb  uart.o [1]
Uart_Rx_Cnt3            0x20000009     0x1  Data  Gb  uart.o [1]
Uart_Rx_Cnt4            0x2000000b     0x1  Data  Gb  uart.o [1]
_Encoding_8859_1_Mbrlen
                        0x08005de3     0x2  Code  Gb  xencoding_8859_1.o [3]
_Encoding_8859_1_Wctomb
                        0x08005dd3    0x10  Code  Gb  xencoding_8859_1.o [3]
_GenldFull              0x08000e09   0x276  Code  Lc  xprintffull.o [3]
_LdtobFull              0x08000991   0x462  Code  Lc  xprintffull.o [3]
_LitobFull              0x08000821   0x11a  Code  Lc  xprintffull.o [3]
_Locale_lconv           0x2000002c    0x38  Data  Lc  xlocale_c.o [3]
_PrintfFull             0x080000c1   0x1d6  Code  Gb  xprintffull.o [3]
_PutcharsFull           0x0800107f    0x32  Code  Lc  xprintffull.o [3]
_PutfldFull             0x08000321   0x2cc  Code  Lc  xprintffull.o [3]
_PutstrFull             0x08000759    0xbe  Code  Lc  xprintffull.o [3]
_PuttxtFull             0x08000655   0x102  Code  Lc  xprintffull.o [3]
_SProut                 0x080010b3     0xa  Code  Gb  xsprout.o [3]
__ICFEDIT_region_RAM_end__ {Abs}
                        0x20007fff          Data  Gb  command line/config [2]
__ICFEDIT_region_RAM_start__ {Abs}
                        0x20000000          Data  Gb  command line/config [2]
__aeabi_cdcmple         0x08001423          Code  Gb  DblCmpLe.o [4]
__aeabi_cdrcmple        0x08001455          Code  Gb  DblCmpGe.o [4]
__aeabi_d2iz            0x08001489          Code  Gb  DblToI32.o [4]
__aeabi_d2uiz           0x080014ad          Code  Gb  DblToI32.o [4]
__aeabi_ddiv            0x08001799          Code  Gb  DblDiv.o [4]
__aeabi_dmul            0x0800129f          Code  Gb  DblMul.o [4]
__aeabi_dsub            0x080015cb          Code  Gb  DblAddSub.o [4]
__aeabi_i2d             0x080014fd          Code  Gb  IxxToDbl.o [4]
__aeabi_idiv            0x080016e5          Code  Gb  I32DivModFast.o [5]
__aeabi_idiv0           0x080018a1          Code  Gb  IntDivZer.o [5]
__aeabi_idivmod         0x080016e5          Code  Gb  I32DivModFast.o [5]
__aeabi_ldiv0           0x0800189d          Code  Gb  I64DivZer.o [5]
__aeabi_memclr          0x080021b5          Code  Gb  ABImemset.o [5]
__aeabi_memclr4         0x080021b9          Code  Gb  ABImemset.o [5]
__aeabi_memclr8         0x080021b9          Code  Gb  ABImemset.o [5]
__aeabi_memcpy          0x080011d9          Code  Gb  ABImemcpy.o [5]
__aeabi_memcpy4         0x08001201          Code  Wk  ABImemcpy.o [5]
__aeabi_memmove         0x08005341          Code  Gb  ABImemmove.o [5]
__aeabi_memmove4        0x08005341          Code  Gb  ABImemmove.o [5]
__aeabi_memmove8        0x08005341          Code  Gb  ABImemmove.o [5]
__aeabi_ui2d            0x080014dd          Code  Gb  IxxToDbl.o [4]
__aeabi_uidiv           0x080016eb          Code  Gb  I32DivModFast.o [5]
__aeabi_uidivmod        0x080016eb          Code  Gb  I32DivModFast.o [5]
__aeabi_uldivmod        0x08001235          Code  Gb  I64DivMod.o [5]
__aeabi_uread4          0x0800295d          Code  Gb  uread4.o [5]
__aeabi_uwrite4         0x08002915          Code  Gb  uwrite4.o [5]
__cmain                 0x08005d9d          Code  Gb  cmain.o [5]
__exit                  0x080018a5    0x14  Code  Gb  exit.o [6]
__iar_Fail_s            0x0800115d    0x22  Code  Gb  xfail_s.o [3]
__iar_Mbcurmax          0x080011cd     0xa  Code  Gb  xmbcurmax.o [3]
__iar_Memset4_word      0x08002185          Code  Gb  ABImemset.o [5]
__iar_Memset_word       0x08002171          Code  Gb  ABImemset.o [5]
__iar_d2uiz             0x080014b1          Code  Gb  DblToI32.o [4]
__iar_data_init3        0x08005d55    0x28  Code  Gb  data_init.o [5]
__iar_globLocale        0x20000064    0x48  Data  Lc  xlocale_c.o [3]
__iar_global_Locale     0x080010bd     0x4  Code  Gb  xlocale_c.o [3]
__iar_packbits_init_single3
                        0x08005cf1    0x3c  Code  Gb  packbits_init_single.o [5]
__iar_program_start     0x08005e11          Code  Gb  cstartup_M.o [5]
__iar_small_uidiv       0x0800185d          Code  Gb  I32DivMod.o [5]
__iar_small_uidivmod    0x0800185d          Code  Gb  I32DivMod.o [5]
__iar_systems$$module {Abs}
                        0x00000001          Data  Gb  command line/config [2]
__iar_zero_init3        0x08005cb5    0x3c  Code  Gb  zero_init3.o [5]
__low_level_init        0x08005dbb     0x4  Code  Gb  low_level_init.o [3]
__vector_table          0x08000000          Data  Gb  startup_stm32f030xc.o [1]
_call_main              0x08005da9          Code  Gb  cmain.o [5]
_exit                   0x08005dc9          Code  Gb  cexit.o [5]
_gLocale_mblen          0x08001125     0xa  Code  Gb  xlocale_c.o [3]
_gLocale_mblenInt       0x080010e9    0x34  Code  Gb  xlocale_c.o [3]
_gLocale_wctomb         0x0800112f     0xa  Code  Gb  xlocale_c.o [3]
_gLocale_wctombInt      0x0800111d     0x8  Code  Gb  xlocale_c.o [3]
_main                   0x08005db7          Code  Gb  cmain.o [5]
aRxBuffer3              0x20000008     0x1  Data  Gb  uart.o [1]
aRxBuffer4              0x2000000a     0x1  Data  Gb  uart.o [1]
abort                   0x08001893     0xa  Code  Gb  abort.o [3]
base64_dec              0x080051ed    0xc2  Code  Gb  base64.o [1]
base64_enc              0x0800511d    0xce  Code  Gb  base64.o [1]
base64de                0x080052f0    0x50  Data  Lc  base64.o [1]
base64en                0x080052b0    0x40  Data  Lc  base64.o [1]
cAlmStr2                0x2000001c    0x10  Data  Gb  uart.o [1]
crc16                   0x08002929    0x30  Code  Gb  protocal.o [1]
exit                    0x08005dbf     0x8  Code  Gb  exit.o [3]
g_timeout_cnts          0x20006768     0x4  Data  Lc  stptlc.o [1]
htim6                   0x200065a4    0x40  Data  Gb  main.o [1]
huart3                  0x200064c4    0x70  Data  Gb  main.o [1]
huart4                  0x20006534    0x70  Data  Gb  main.o [1]
huart6                  0x20006694    0x70  Data  Gb  main.o [1]
is_transparent_mode     0x200065e4     0x4  Data  Gb  main.o [1]
jd_master_com_send_exception_response
                        0x080019ad    0x66  Code  Lc  uart_comm.o [1]
jd_master_com_send_response
                        0x08001931    0x7a  Code  Gb  uart_comm.o [1]
jd_om_comm_open         0x08002715    0x1a  Code  Gb  jd_os_middleware.o [1]
jd_om_free              0x080028eb     0x8  Code  Gb  jd_os_middleware.o [1]
jd_om_malloc            0x080028c5    0x26  Code  Gb  jd_os_middleware.o [1]
jd_om_malloc::__func__  0x080028f4    0x10  Data  Lc  jd_os_middleware.o [1]
jd_om_mq_create         0x08002821     0xc  Code  Gb  jd_os_middleware.o [1]
jd_om_mq_recv           0x08002859    0x6c  Code  Gb  jd_os_middleware.o [1]
jd_om_mq_send           0x0800283d    0x1c  Code  Gb  jd_os_middleware.o [1]
jd_om_msleep            0x08002781    0x20  Code  Gb  jd_os_middleware.o [1]
jd_om_recv              0x08002741    0x12  Code  Gb  jd_os_middleware.o [1]
jd_om_sem_new           0x080027a1     0xe  Code  Gb  jd_os_middleware.o [1]
jd_om_sem_signal        0x0800280f     0x4  Code  Gb  jd_os_middleware.o [1]
jd_om_sem_wait          0x080027af    0x60  Code  Gb  jd_os_middleware.o [1]
jd_om_send              0x0800272f    0x12  Code  Gb  jd_os_middleware.o [1]
jd_om_thread_create     0x08002753    0x26  Code  Gb  jd_os_middleware.o [1]
jd_om_thread_start      0x08002779     0x8  Code  Gb  jd_os_middleware.o [1]
jz_uart_close_ex        0x08002505    0x10  Code  Gb  uart.o [1]
jz_uart_close_ex::__func__
                        0x080026b4    0x14  Data  Lc  uart.o [1]
jz_uart_init_ex         0x080024a5    0x5a  Code  Gb  uart.o [1]
jz_uart_init_ex::__func__
                        0x08002664    0x10  Data  Lc  uart.o [1]
jz_uart_read_ex         0x0800246d    0x30  Code  Gb  uart.o [1]
jz_uart_write_ex        0x08002409    0x60  Code  Gb  uart.o [1]
jz_uart_write_ex::__func__
                        0x08002644    0x14  Data  Lc  uart.o [1]
localeconv              0x08001139     0x4  Code  Gb  xlocale_c.o [3]
main                    0x080055f5   0x114  Code  Gb  main.o [1]
memchr                  0x080011b5    0x18  Code  Gb  memchr.o [5]
one_session_ok          0x2000676c     0x4  Data  Lc  uart_comm.o [1]
osMutexRelease          0x08003cd7    0x3e  Code  Gb  cmsis_os.o [1]
osMutexWait             0x08003c6f    0x68  Code  Gb  cmsis_os.o [1]
osSystickHandler        0x08003d19    0x10  Code  Gb  cmsis_os.o [1]
osThreadYield           0x08003c65     0xa  Code  Gb  cmsis_os.o [1]
print_hex               0x080018b9    0x5e  Code  Gb  uart_comm.o [1]
print_usart             0x08002515    0x58  Code  Gb  uart.o [1]
prvAddCurrentTaskToDelayedList
                        0x08003479    0x5c  Code  Lc  tasks.o [1]
prvAddNewTaskToReadyList
                        0x08002e4d    0xac  Code  Lc  tasks.o [1]
prvCopyDataFromQueue    0x080041e1    0x26  Code  Lc  queue.o [1]
prvCopyDataToQueue      0x08004171    0x70  Code  Lc  queue.o [1]
prvDeleteTCB            0x08003355    0x12  Code  Lc  tasks.o [1]
prvIdleTask             0x080032fd    0x58  Code  Lc  tasks.o [1]
prvInitialiseNewQueue   0x08003e07    0x1a  Code  Lc  queue.o [1]
prvInitialiseNewTask    0x08002dcd    0x80  Code  Lc  tasks.o [1]
prvInsertBlockIntoFreeList
                        0x080043bd    0x46  Code  Lc  heap_4.o [1]
prvIsQueueEmpty         0x08004271    0x12  Code  Lc  queue.o [1]
prvResetNextTaskUnblockTime
                        0x08003367    0x1e  Code  Lc  tasks.o [1]
prvTaskExitError        0x080047e5    0x14  Code  Lc  port.o [1]
prvUnlockQueue          0x08004207    0x6a  Code  Lc  queue.o [1]
pvPortMalloc            0x08004285    0xfc  Code  Gb  heap_4.o [1]
pvTaskIncrementMutexHeldCount
                        0x08003457    0x14  Code  Gb  tasks.o [1]
pxCurrentTCB            0x2000664c     0x4  Data  Gb  tasks.o [1]
pxDelayedTaskList       0x20006650     0x4  Data  Lc  tasks.o [1]
pxEnd                   0x200000b4     0x4  Data  Lc  heap_4.o [1]
pxOverflowDelayedTaskList
                        0x2000672c     0x4  Data  Lc  tasks.o [1]
pxPortInitialiseStack   0x080047c9    0x1a  Code  Gb  port.o [1]
pxReadyTasksLists       0x200065e8    0x64  Data  Lc  tasks.o [1]
recv_data_dispatch      0x08001a31    0xfa  Code  Lc  uart_comm.o [1]
recv_data_dispatch::__func__
                        0x08001b58    0x14  Data  Lc  uart_comm.o [1]
scale                   0x0800093b    0x48  Code  Lc  xprintffull.o [3]
sec_hand                0x20006770     0x4  Data  Lc  xfail_s.o [3]
sprintf                 0x080026d5    0x40  Code  Gb  sprintf.o [3]
stpllc_close            0x08004647    0x26  Code  Gb  stpllc_uart.o [1]
stpllc_init             0x0800441f     0x8  Code  Gb  stpllc_uart.o [1]
stpllc_open             0x080045e1    0x66  Code  Gb  stpllc_uart.o [1]
stpllc_read             0x08004429   0x172  Code  Gb  stpllc_uart.o [1]
stpllc_read::__func__   0x0800466c     0xc  Data  Lc  stpllc_uart.o [1]
stpllc_read_raw         0x080045d7     0xa  Code  Gb  stpllc_uart.o [1]
stpllc_req_dev_name_by_AT::ReqNameByAt
                        0x08004728     0xc  Data  Lc  stpllc_uart.o [1]
stpllc_req_dev_name_by_AT::check_AT
                        0x20006760     0x4  Data  Lc  stpllc_uart.o [1]
stpllc_req_dev_name_by_AT::check_cnt
                        0x2000675c     0x1  Data  Lc  stpllc_uart.o [1]
stpllc_write            0x080045a1    0x2c  Code  Gb  stpllc_uart.o [1]
stpllc_write_raw        0x080045cd     0xa  Code  Gb  stpllc_uart.o [1]
strchr                  0x08001145     0x2  Code  Gb  strchr.o [5]
strcpy                  0x08002975          Code  Gb  strcpy.o [5]
strlen                  0x080011a5    0x10  Code  Gb  strlen.o [5]
strncmp                 0x08002985    0x2c  Code  Gb  strncmp.o [3]
tlc_iaddr               0x080029db    0x3c  Code  Gb  stptlc.o [1]
tlc_mksum               0x08002a17    0x1e  Code  Gb  stptlc.o [1]
tlc_open                0x08002ca7    0x50  Code  Gb  stptlc.o [1]
tlc_recv                0x08002b51   0x156  Code  Gb  stptlc.o [1]
tlc_send                0x08002a39   0x118  Code  Gb  stptlc.o [1]
uart_comm_task_init     0x08001f7d    0x92  Code  Gb  uart_comm.o [1]
uart_read               0x08004409     0xa  Code  Lc  stpllc_uart.o [1]
uart_recv_queue_task    0x08001ca1    0x52  Code  Lc  uart_comm.o [1]
uart_recv_queue_task::__func__
                        0x08001d14    0x18  Data  Lc  uart_comm.o [1]
uart_recv_task          0x08001ebd    0x6a  Code  Lc  uart_comm.o [1]
uart_recv_task::__func__
                        0x08001f44    0x10  Data  Lc  uart_comm.o [1]
uart_send_queue_task    0x08001d51    0xd6  Code  Lc  uart_comm.o [1]
uart_send_queue_task::__func__
                        0x08001e6c    0x18  Data  Lc  uart_comm.o [1]
uart_write              0x08004413     0xc  Code  Lc  stpllc_uart.o [1]
ucHeap                  0x200000c4  0x6000  Data  Lc  heap_4.o [1]
ulSetInterruptMaskFromISR
                        0x08005109          Code  Gb  portasm.o [1]
uwTick                  0x20006764     0x4  Data  Gb  stm32f0xx_hal.o [1]
uxCriticalNesting       0x20000000     0x4  Data  Lc  port.o [1]
uxCurrentNumberOfTasks  0x20006654     0x4  Data  Lc  tasks.o [1]
uxDeletedTasksWaitingCleanUp
                        0x20006730     0x4  Data  Lc  tasks.o [1]
uxListRemove            0x080047a5    0x24  Code  Gb  list.o [1]
uxPendedTicks           0x2000674c     0x4  Data  Lc  tasks.o [1]
uxSchedulerSuspended    0x20006668     0x4  Data  Lc  tasks.o [1]
uxTaskNumber            0x20006750     0x4  Data  Lc  tasks.o [1]
uxTopReadyPriority      0x20006658     0x4  Data  Lc  tasks.o [1]
vApplicationStackOverflowHook
                        0x08002151     0xa  Code  Gb  uart_comm.o [1]
vClearInterruptMaskFromISR
                        0x08005111          Code  Gb  portasm.o [1]
vListInitialise         0x08004735    0x1e  Code  Gb  list.o [1]
vListInitialiseItem     0x08004753     0x6  Code  Gb  list.o [1]
vListInsert             0x08004771    0x34  Code  Gb  list.o [1]
vListInsertEnd          0x08004759    0x18  Code  Gb  list.o [1]
vPortEnterCritical      0x08004831     0xc  Code  Gb  port.o [1]
vPortExitCritical       0x08004849    0x18  Code  Gb  port.o [1]
vPortFree               0x08004381    0x3c  Code  Gb  heap_4.o [1]
vPortStartFirstTask     0x080050e7          Code  Gb  portasm.o [1]
vPortYield              0x08004825     0xa  Code  Gb  port.o [1]
vSetMSP                 0x080050a1          Code  Gb  portasm.o [1]
vTaskDelayUntil         0x08002ef9    0x58  Code  Gb  tasks.o [1]
vTaskMissedYield        0x080032f1     0x8  Code  Gb  tasks.o [1]
vTaskPlaceOnEventList   0x080031f5    0x18  Code  Gb  tasks.o [1]
vTaskPriorityInherit    0x080033a1    0x5a  Code  Gb  tasks.o [1]
vTaskSetTimeOutState    0x0800327d    0x16  Code  Gb  tasks.o [1]
vTaskStartScheduler     0x08002fd5    0x3e  Code  Gb  tasks.o [1]
vTaskSuspend            0x08002f55    0x78  Code  Gb  tasks.o [1]
vTaskSuspendAll         0x0800301d     0xa  Code  Gb  tasks.o [1]
vTaskSwitchContext      0x08003195    0x60  Code  Gb  tasks.o [1]
vsprintf                0x08003d29    0x34  Code  Gb  vsprintf.o [3]
wait_ack                0x080029b1    0x2a  Code  Gb  stptlc.o [1]
xBlockAllocatedBit      0x200000c0     0x4  Data  Lc  heap_4.o [1]
xDelayedTaskList1       0x2000666c    0x14  Data  Lc  tasks.o [1]
xDelayedTaskList2       0x20006680    0x14  Data  Lc  tasks.o [1]
xFreeBytesRemaining     0x200000b8     0x4  Data  Lc  heap_4.o [1]
xIdleTaskHandle         0x20006758     0x4  Data  Lc  tasks.o [1]
xMinimumEverFreeBytesRemaining
                        0x200000bc     0x4  Data  Lc  heap_4.o [1]
xNextTaskUnblockTime    0x20006754     0x4  Data  Lc  tasks.o [1]
xNumOfOverflows         0x20006664     0x4  Data  Lc  tasks.o [1]
xPendingReadyList       0x20006704    0x14  Data  Lc  tasks.o [1]
xPortStartScheduler     0x080047f9    0x2a  Code  Gb  port.o [1]
xPortSysTickHandler     0x08004861    0x20  Code  Gb  port.o [1]
xQueueGenericCreate     0x08003dd1    0x36  Code  Gb  queue.o [1]
xQueueGenericReceive    0x08003fc1   0x13c  Code  Gb  queue.o [1]
xQueueGenericReset      0x08003d5d    0x74  Code  Gb  queue.o [1]
xQueueGenericSend       0x08003e21   0x120  Code  Gb  queue.o [1]
xQueueGiveFromISR       0x08003f49    0x76  Code  Gb  queue.o [1]
xQueueReceiveFromISR    0x080040fd    0x6a  Code  Gb  queue.o [1]
xSchedulerRunning       0x2000665c     0x4  Data  Lc  tasks.o [1]
xStart                  0x200000ac     0x8  Data  Lc  heap_4.o [1]
xSuspendedTaskList      0x20006734    0x14  Data  Lc  tasks.o [1]
xTaskCheckForTimeOut    0x08003295    0x5c  Code  Gb  tasks.o [1]
xTaskCreate             0x08002d71    0x5a  Code  Gb  tasks.o [1]
xTaskGetSchedulerState  0x08003385    0x1c  Code  Gb  tasks.o [1]
xTaskGetTickCount       0x080030c9     0x6  Code  Gb  tasks.o [1]
xTaskIncrementTick      0x080030d5    0xba  Code  Gb  tasks.o [1]
xTaskPriorityDisinherit
                        0x080033fd    0x5a  Code  Gb  tasks.o [1]
xTaskRemoveFromEventList
                        0x08003221    0x58  Code  Gb  tasks.o [1]
xTaskResumeAll          0x08003029    0xa0  Code  Gb  tasks.o [1]
xTasksWaitingTermination
                        0x20006718    0x14  Data  Lc  tasks.o [1]
xTickCount              0x20006748     0x4  Data  Lc  tasks.o [1]
xYieldPending           0x20006660     0x4  Data  Lc  tasks.o [1]


[1] = D:\work\cabinet_virtual_battery\code_gen\EWARM\Virtual_battery\Obj
[2] = command line
[3] = dl6M_tlf.a
[4] = m6M_tl.a
[5] = rt6M_tl.a
[6] = shb_l.a

  24 024 bytes of readonly  code memory
     204 bytes of readonly  data memory
  27 508 bytes of readwrite data memory

Errors: none
Warnings: none
